Archive member included to satisfy reference by file (symbol)

/usr/lib/gcc/i686-w64-mingw32/9.3-win32/../../../../i686-w64-mingw32/lib/../lib/libmingw32.a(lib32_libmingw32_a-gccmain.o)
                              /usr/lib/gcc/i686-w64-mingw32/9.3-win32/../../../../i686-w64-mingw32/lib/../lib/crt2.o (__main)
/usr/lib/gcc/i686-w64-mingw32/9.3-win32/../../../../i686-w64-mingw32/lib/../lib/libmingw32.a(lib32_libmingw32_a-natstart.o)
                              /usr/lib/gcc/i686-w64-mingw32/9.3-win32/../../../../i686-w64-mingw32/lib/../lib/crt2.o (__native_startup_lock)
/usr/lib/gcc/i686-w64-mingw32/9.3-win32/../../../../i686-w64-mingw32/lib/../lib/libmingw32.a(lib32_libmingw32_a-wildcard.o)
                              /usr/lib/gcc/i686-w64-mingw32/9.3-win32/../../../../i686-w64-mingw32/lib/../lib/crt2.o (_dowildcard)
/usr/lib/gcc/i686-w64-mingw32/9.3-win32/../../../../i686-w64-mingw32/lib/../lib/libmingw32.a(lib32_libmingw32_a-charmax.o)
                              /usr/lib/gcc/i686-w64-mingw32/9.3-win32/../../../../i686-w64-mingw32/lib/../lib/crt2.o (mingw_initcharmax)
/usr/lib/gcc/i686-w64-mingw32/9.3-win32/../../../../i686-w64-mingw32/lib/../lib/libmingw32.a(lib32_libmingw32_a-dllargv.o)
                              /usr/lib/gcc/i686-w64-mingw32/9.3-win32/../../../../i686-w64-mingw32/lib/../lib/crt2.o (_setargv)
/usr/lib/gcc/i686-w64-mingw32/9.3-win32/../../../../i686-w64-mingw32/lib/../lib/libmingw32.a(lib32_libmingw32_a-gs_support.o)
                              /usr/lib/gcc/i686-w64-mingw32/9.3-win32/../../../../i686-w64-mingw32/lib/../lib/crt2.o (__security_init_cookie)
/usr/lib/gcc/i686-w64-mingw32/9.3-win32/../../../../i686-w64-mingw32/lib/../lib/libmingw32.a(lib32_libmingw32_a-_newmode.o)
                              /usr/lib/gcc/i686-w64-mingw32/9.3-win32/../../../../i686-w64-mingw32/lib/../lib/crt2.o (_newmode)
/usr/lib/gcc/i686-w64-mingw32/9.3-win32/../../../../i686-w64-mingw32/lib/../lib/libmingw32.a(lib32_libmingw32_a-tlssup.o)
                              /usr/lib/gcc/i686-w64-mingw32/9.3-win32/../../../../i686-w64-mingw32/lib/../lib/crt2.o (mingw_initltssuo_force)
/usr/lib/gcc/i686-w64-mingw32/9.3-win32/../../../../i686-w64-mingw32/lib/../lib/libmingw32.a(lib32_libmingw32_a-cinitexe.o)
                              /usr/lib/gcc/i686-w64-mingw32/9.3-win32/../../../../i686-w64-mingw32/lib/../lib/crt2.o (__xc_z)
/usr/lib/gcc/i686-w64-mingw32/9.3-win32/../../../../i686-w64-mingw32/lib/../lib/libmingw32.a(lib32_libmingw32_a-merr.o)
                              /usr/lib/gcc/i686-w64-mingw32/9.3-win32/../../../../i686-w64-mingw32/lib/../lib/crt2.o (_matherr)
/usr/lib/gcc/i686-w64-mingw32/9.3-win32/../../../../i686-w64-mingw32/lib/../lib/libmingw32.a(lib32_libmingw32_a-CRT_fp10.o)
                              /usr/lib/gcc/i686-w64-mingw32/9.3-win32/../../../../i686-w64-mingw32/lib/../lib/crt2.o (_fpreset)
/usr/lib/gcc/i686-w64-mingw32/9.3-win32/../../../../i686-w64-mingw32/lib/../lib/libmingw32.a(lib32_libmingw32_a-mingw_helpers.o)
                              /usr/lib/gcc/i686-w64-mingw32/9.3-win32/../../../../i686-w64-mingw32/lib/../lib/crt2.o (mingw_app_type)
/usr/lib/gcc/i686-w64-mingw32/9.3-win32/../../../../i686-w64-mingw32/lib/../lib/libmingw32.a(lib32_libmingw32_a-pseudo-reloc.o)
                              /usr/lib/gcc/i686-w64-mingw32/9.3-win32/../../../../i686-w64-mingw32/lib/../lib/crt2.o (_pei386_runtime_relocator)
/usr/lib/gcc/i686-w64-mingw32/9.3-win32/../../../../i686-w64-mingw32/lib/../lib/libmingw32.a(lib32_libmingw32_a-usermatherr.o)
                              /usr/lib/gcc/i686-w64-mingw32/9.3-win32/../../../../i686-w64-mingw32/lib/../lib/crt2.o (__mingw_setusermatherr)
/usr/lib/gcc/i686-w64-mingw32/9.3-win32/../../../../i686-w64-mingw32/lib/../lib/libmingw32.a(lib32_libmingw32_a-xtxtmode.o)
                              /usr/lib/gcc/i686-w64-mingw32/9.3-win32/../../../../i686-w64-mingw32/lib/../lib/crt2.o (_fmode)
/usr/lib/gcc/i686-w64-mingw32/9.3-win32/../../../../i686-w64-mingw32/lib/../lib/libmingw32.a(lib32_libmingw32_a-crt_handler.o)
                              /usr/lib/gcc/i686-w64-mingw32/9.3-win32/../../../../i686-w64-mingw32/lib/../lib/crt2.o (_gnu_exception_handler@4)
/usr/lib/gcc/i686-w64-mingw32/9.3-win32/../../../../i686-w64-mingw32/lib/../lib/libmingw32.a(lib32_libmingw32_a-tlsthrd.o)
                              /usr/lib/gcc/i686-w64-mingw32/9.3-win32/../../../../i686-w64-mingw32/lib/../lib/libmingw32.a(lib32_libmingw32_a-tlssup.o) (__mingw_TLScallback)
/usr/lib/gcc/i686-w64-mingw32/9.3-win32/../../../../i686-w64-mingw32/lib/../lib/libmingw32.a(lib32_libmingw32_a-tlsmcrt.o)
                              /usr/lib/gcc/i686-w64-mingw32/9.3-win32/../../../../i686-w64-mingw32/lib/../lib/libmingw32.a(lib32_libmingw32_a-tlssup.o) (_CRT_MT)
/usr/lib/gcc/i686-w64-mingw32/9.3-win32/../../../../i686-w64-mingw32/lib/../lib/libmingw32.a(lib32_libmingw32_a-pseudo-reloc-list.o)
[...]
Memory Configuration

Name             Origin             Length             Attributes
*default*        0x0000000000000000 0xffffffffffffffff

Linker script and memory map

                0x0000000000400000                __image_base__ = 0x400000
                0x0000000000000000                __dll__ = 0x0
                0x0000000000400000                ___ImageBase = 0x400000
                0x0000000000001000                __section_alignment__ = 0x1000
                0x0000000000000200                __file_alignment__ = 0x200
                0x0000000000000004                __major_os_version__ = 0x4
                0x0000000000000000                __minor_os_version__ = 0x0
                0x0000000000000001                __major_image_version__ = 0x1
                0x0000000000000000                __minor_image_version__ = 0x0
                0x0000000000000004                __major_subsystem_version__ = 0x4
                0x0000000000000000                __minor_subsystem_version__ = 0x0
                0x0000000000000003                __subsystem__ = 0x3
                0x0000000000200000                __size_of_stack_reserve__ = 0x200000
                0x0000000000001000                __size_of_stack_commit__ = 0x1000
                0x0000000000100000                __size_of_heap_reserve__ = 0x100000
                0x0000000000001000                __size_of_heap_commit__ = 0x1000
                0x0000000000000000                __loader_flags__ = 0x0
                0x0000000000000000                __dll_characteristics__ = 0x0
LOAD /usr/lib/gcc/i686-w64-mingw32/9.3-win32/../../../../i686-w64-mingw32/lib/../lib/crt2.o
LOAD /usr/lib/gcc/i686-w64-mingw32/9.3-win32/crtbegin.o
LOAD hello32.o
LOAD /usr/lib/gcc/i686-w64-mingw32/9.3-win32/../../../../i686-w64-mingw32/lib/../lib/libmingw32.a
LOAD /usr/lib/gcc/i686-w64-mingw32/9.3-win32/libgcc.a
LOAD /usr/lib/gcc/i686-w64-mingw32/9.3-win32/libgcc_eh.a
LOAD /usr/lib/gcc/i686-w64-mingw32/9.3-win32/../../../../i686-w64-mingw32/lib/../lib/libmoldname.a
LOAD /usr/lib/gcc/i686-w64-mingw32/9.3-win32/../../../../i686-w64-mingw32/lib/../lib/libmingwex.a
LOAD /usr/lib/gcc/i686-w64-mingw32/9.3-win32/../../../../i686-w64-mingw32/lib/../lib/libmsvcrt.a
LOAD /usr/lib/gcc/i686-w64-mingw32/9.3-win32/../../../../i686-w64-mingw32/lib/../lib/libadvapi32.a
LOAD /usr/lib/gcc/i686-w64-mingw32/9.3-win32/../../../../i686-w64-mingw32/lib/../lib/libshell32.a
LOAD /usr/lib/gcc/i686-w64-mingw32/9.3-win32/../../../../i686-w64-mingw32/lib/../lib/libuser32.a
LOAD /usr/lib/gcc/i686-w64-mingw32/9.3-win32/../../../../i686-w64-mingw32/lib/../lib/libkernel32.a
LOAD /usr/lib/gcc/i686-w64-mingw32/9.3-win32/../../../../i686-w64-mingw32/lib/../lib/libmingw32.a
LOAD /usr/lib/gcc/i686-w64-mingw32/9.3-win32/libgcc.a
LOAD /usr/lib/gcc/i686-w64-mingw32/9.3-win32/libgcc_eh.a
LOAD /usr/lib/gcc/i686-w64-mingw32/9.3-win32/../../../../i686-w64-mingw32/lib/../lib/libmoldname.a
LOAD /usr/lib/gcc/i686-w64-mingw32/9.3-win32/../../../../i686-w64-mingw32/lib/../lib/libmingwex.a
LOAD /usr/lib/gcc/i686-w64-mingw32/9.3-win32/../../../../i686-w64-mingw32/lib/../lib/libmsvcrt.a
LOAD /usr/lib/gcc/i686-w64-mingw32/9.3-win32/crtend.o
                0x0000000000000290                . = SIZEOF_HEADERS
                0x0000000000001000                . = ALIGN (__section_alignment__)

.text           0x0000000000401000     0x1800
 *(SORT_NONE(.init))
 *(.text)
 .text          0x0000000000401000      0x500 /usr/lib/gcc/i686-w64-mingw32/9.3-win32/../../../../i686-w64-mingw32/lib/../lib/crt2.o
                0x00000000004014a0                WinMainCRTStartup
                0x00000000004014c0                mainCRTStartup
                0x00000000004014e0                atexit
 .text          0x0000000000401500       0x30 /usr/lib/gcc/i686-w64-mingw32/9.3-win32/crtbegin.o
                0x0000000000401500                __gcc_register_frame
                0x0000000000401520                __gcc_deregister_frame
 .text          0x0000000000401530        0x0 hello32.o
 .text          0x0000000000401530       0xc0 /usr/lib/gcc/i686-w64-mingw32/9.3-win32/../../../../i686-w64-mingw32/lib/../lib/libmingw32.a(lib32_libmingw32_a-gccmain.o)
                0x0000000000401530                __do_global_dtors
                0x0000000000401570                __do_global_ctors
                0x00000000004015d0                __main
 .text          0x00000000004015f0        0x0 /usr/lib/gcc/i686-w64-mingw32/9.3-win32/../../../../i686-w64-mingw32/lib/../lib/libmingw32.a(lib32_libmingw32_a-natstart.o)
 .text          0x00000000004015f0        0x0 /usr/lib/gcc/i686-w64-mingw32/9.3-win32/../../../../i686-w64-mingw32/lib/../lib/libmingw32.a(lib32_libmingw32_a-wildcard.o)
 .text          0x00000000004015f0       0x10 /usr/lib/gcc/i686-w64-mingw32/9.3-win32/../../../../i686-w64-mingw32/lib/../lib/libmingw32.a(lib32_libmingw32_a-charmax.o)
 .text          0x0000000000401600       0x10 /usr/lib/gcc/i686-w64-mingw32/9.3-win32/../../../../i686-w64-mingw32/lib/../lib/libmingw32.a(lib32_libmingw32_a-dllargv.o)
                0x0000000000401600                _setargv
 .text          0x0000000000401610      0x150 /usr/lib/gcc/i686-w64-mingw32/9.3-win32/../../../../i686-w64-mingw32/lib/../lib/libmingw32.a(lib32_libmingw32_a-gs_support.o)
                0x0000000000401610                __security_init_cookie
                0x00000000004016d0                __report_gsfailure
 .text          0x0000000000401760        0x0 /usr/lib/gcc/i686-w64-mingw32/9.3-win32/../../../../i686-w64-mingw32/lib/../lib/libmingw32.a(lib32_libmingw32_a-_newmode.o)
 .text          0x0000000000401760      0x100 /usr/lib/gcc/i686-w64-mingw32/9.3-win32/../../../../i686-w64-mingw32/lib/../lib/libmingw32.a(lib32_libmingw32_a-tlssup.o)
                0x00000000004017b0                __dyn_tls_init@12
                0x0000000000401850                __tlregdtor
 .text          0x0000000000401860        0x0 /usr/lib/gcc/i686-w64-mingw32/9.3-win32/../../../../i686-w64-mingw32/lib/../lib/libmingw32.a(lib32_libmingw32_a-cinitexe.o)
 .text          0x0000000000401860       0x80 /usr/lib/gcc/i686-w64-mingw32/9.3-win32/../../../../i686-w64-mingw32/lib/../lib/libmingw32.a(lib32_libmingw32_a-merr.o)
                0x0000000000401860                _matherr
 .text          0x00000000004018e0       0x10 /usr/lib/gcc/i686-w64-mingw32/9.3-win32/../../../../i686-w64-mingw32/lib/../lib/libmingw32.a(lib32_libmingw32_a-CRT_fp10.o)
                0x00000000004018e0                _fpreset
                0x00000000004018e0                fpreset
 .text          0x00000000004018f0        0x0 /usr/lib/gcc/i686-w64-mingw32/9.3-win32/../../../../i686-w64-mingw32/lib/../lib/libmingw32.a(lib32_libmingw32_a-mingw_helpers.o)
 .text          0x00000000004018f0      0x420 /usr/lib/gcc/i686-w64-mingw32/9.3-win32/../../../../i686-w64-mingw32/lib/../lib/libmingw32.a(lib32_libmingw32_a-pseudo-reloc.o)
                0x0000000000401a90                _pei386_runtime_relocator
 .text          0x0000000000401d10       0x70 /usr/lib/gcc/i686-w64-mingw32/9.3-win32/../../../../i686-w64-mingw32/lib/../lib/libmingw32.a(lib32_libmingw32_a-usermatherr.o)
                0x0000000000401d10                __mingw_raise_matherr
                0x0000000000401d70                __mingw_setusermatherr
 .text          0x0000000000401d80        0x0 /usr/lib/gcc/i686-w64-mingw32/9.3-win32/../../../../i686-w64-mingw32/lib/../lib/libmingw32.a(lib32_libmingw32_a-xtxtmode.o)
 .text          0x0000000000401d80      0x1b0 /usr/lib/gcc/i686-w64-mingw32/9.3-win32/../../../../i686-w64-mingw32/lib/../lib/libmingw32.a(lib32_libmingw32_a-crt_handler.o)
                0x0000000000401d80                _gnu_exception_handler@4
 .text          0x0000000000401f30      0x260 /usr/lib/gcc/i686-w64-mingw32/9.3-win32/../../../../i686-w64-mingw32/lib/../lib/libmingw32.a(lib32_libmingw32_a-tlsthrd.o)
                0x0000000000401fa0                ___w64_mingwthr_add_key_dtor
                0x0000000000402020                ___w64_mingwthr_remove_key_dtor
                0x00000000004020b0                __mingw_TLScallback
 .text          0x0000000000402190        0x0 /usr/lib/gcc/i686-w64-mingw32/9.3-win32/../../../../i686-w64-mingw32/lib/../lib/libmingw32.a(lib32_libmingw32_a-tlsmcrt.o)
 .text          0x0000000000402190        0x0 /usr/lib/gcc/i686-w64-mingw32/9.3-win32/../../../../i686-w64-mingw32/lib/../lib/libmingw32.a(lib32_libmingw32_a-pseudo-reloc-list.o)
 .text          0x0000000000402190      0x3b0 /usr/lib/gcc/i686-w64-mingw32/9.3-win32/../../../../i686-w64-mingw32/lib/../lib/libmingw32.a(lib32_libmingw32_a-pesect.o)
                0x00000000004021c0                _ValidateImageBase
                0x00000000004021e0                _FindPESection
                0x0000000000402220                _FindPESectionByName
                0x00000000004022c0                __mingw_GetSectionForAddress
                0x0000000000402340                __mingw_GetSectionCount
                0x0000000000402370                _FindPESectionExec
                0x00000000004023d0                _GetPEImageBase
                0x0000000000402400                _IsNonwritableInCurrentImage
                0x0000000000402490                __mingw_enum_import_library_names
 .text          0x0000000000402540       0x2c /usr/lib/gcc/i686-w64-mingw32/9.3-win32/libgcc.a(_chkstk_ms.o)
                0x0000000000402540                __chkstk_ms
 .text          0x000000000040256c        0x0 /usr/lib/gcc/i686-w64-mingw32/9.3-win32/libgcc.a(_ctors.o)
 .text          0x000000000040256c        0x0 /usr/lib/gcc/i686-w64-mingw32/9.3-win32/../../../../i686-w64-mingw32/lib/../lib/libmingwex.a(lib32_libmingwex_a-mingw_matherr.o)
 .text          0x000000000040256c        0x8 /usr/lib/gcc/i686-w64-mingw32/9.3-win32/../../../../i686-w64-mingw32/lib/../lib/libmsvcrt.a(libmsvcrt-oss01111.o)
                0x000000000040256c                vfprintf
 .text          0x0000000000402574        0x8 /usr/lib/gcc/i686-w64-mingw32/9.3-win32/../../../../i686-w64-mingw32/lib/../lib/libmsvcrt.a(libmsvcrt-oss01080.o)
                0x0000000000402574                strncmp
 .text          0x000000000040257c        0x8 /usr/lib/gcc/i686-w64-mingw32/9.3-win32/../../../../i686-w64-mingw32/lib/../lib/libmsvcrt.a(libmsvcrt-oss01077.o)
                0x000000000040257c                strlen
 .text          0x0000000000402584        0x8 /usr/lib/gcc/i686-w64-mingw32/9.3-win32/../../../../i686-w64-mingw32/lib/../lib/libmsvcrt.a(libmsvcrt-oss01059.o)
                0x0000000000402584                signal
 .text          0x000000000040258c        0x8 /usr/lib/gcc/i686-w64-mingw32/9.3-win32/../../../../i686-w64-mingw32/lib/../lib/libmsvcrt.a(libmsvcrt-oss01043.o)
                0x000000000040258c                puts
 .text          0x0000000000402594        0x8 /usr/lib/gcc/i686-w64-mingw32/9.3-win32/../../../../i686-w64-mingw32/lib/../lib/libmsvcrt.a(libmsvcrt-oss01016.o)
                0x0000000000402594                memcpy
 .text          0x000000000040259c        0x8 /usr/lib/gcc/i686-w64-mingw32/9.3-win32/../../../../i686-w64-mingw32/lib/../lib/libmsvcrt.a(libmsvcrt-oss01008.o)
                0x000000000040259c                malloc
 .text          0x00000000004025a4        0x8 /usr/lib/gcc/i686-w64-mingw32/9.3-win32/../../../../i686-w64-mingw32/lib/../lib/libmsvcrt.a(libmsvcrt-oss00964.o)
                0x00000000004025a4                fwrite
 .text          0x00000000004025ac        0x8 /usr/lib/gcc/i686-w64-mingw32/9.3-win32/../../../../i686-w64-mingw32/lib/../lib/libmsvcrt.a(libmsvcrt-oss00953.o)
                0x00000000004025ac                free
 .text          0x00000000004025b4        0x8 /usr/lib/gcc/i686-w64-mingw32/9.3-win32/../../../../i686-w64-mingw32/lib/../lib/libmsvcrt.a(libmsvcrt-oss00946.o)
                0x00000000004025b4                fprintf
 .text          0x00000000004025bc        0x8 /usr/lib/gcc/i686-w64-mingw32/9.3-win32/../../../../i686-w64-mingw32/lib/../lib/libmsvcrt.a(libmsvcrt-oss00930.o)
                0x00000000004025bc                exit
 .text          0x00000000004025c4        0x8 /usr/lib/gcc/i686-w64-mingw32/9.3-win32/../../../../i686-w64-mingw32/lib/../lib/libmsvcrt.a(libmsvcrt-oss00920.o)
                0x00000000004025c4                calloc
 .text          0x00000000004025cc        0x8 /usr/lib/gcc/i686-w64-mingw32/9.3-win32/../../../../i686-w64-mingw32/lib/../lib/libmsvcrt.a(libmsvcrt-oss00907.o)
                0x00000000004025cc                abort
 .text          0x00000000004025d4        0x8 /usr/lib/gcc/i686-w64-mingw32/9.3-win32/../../../../i686-w64-mingw32/lib/../lib/libmsvcrt.a(libmsvcrt-oss00552.o)
                0x00000000004025d4                _onexit
 .text          0x00000000004025dc        0x8 /usr/lib/gcc/i686-w64-mingw32/9.3-win32/../../../../i686-w64-mingw32/lib/../lib/libmsvcrt.a(libmsvcrt-oss00294.o)
                0x00000000004025dc                _initterm
 .text          0x00000000004025e4        0x8 /usr/lib/gcc/i686-w64-mingw32/9.3-win32/../../../../i686-w64-mingw32/lib/../lib/libmsvcrt.a(libmsvcrt-oss00160.o)
                0x00000000004025e4                _cexit
 .text          0x00000000004025ec        0x8 /usr/lib/gcc/i686-w64-mingw32/9.3-win32/../../../../i686-w64-mingw32/lib/../lib/libmsvcrt.a(libmsvcrt-oss00143.o)
                0x00000000004025ec                _amsg_exit
 .text          0x00000000004025f4        0x8 /usr/lib/gcc/i686-w64-mingw32/9.3-win32/../../../../i686-w64-mingw32/lib/../lib/libmsvcrt.a(libmsvcrt-oss00108.o)
                0x00000000004025f4                __setusermatherr
 .text          0x00000000004025fc        0x8 /usr/lib/gcc/i686-w64-mingw32/9.3-win32/../../../../i686-w64-mingw32/lib/../lib/libmsvcrt.a(libmsvcrt-oss00105.o)
                0x00000000004025fc                __set_app_type
 .text          0x0000000000402604        0x8 /usr/lib/gcc/i686-w64-mingw32/9.3-win32/../../../../i686-w64-mingw32/lib/../lib/libmsvcrt.a(libmsvcrt-oss00084.o)
                0x0000000000402604                __p__fmode
 .text          0x000000000040260c        0x8 /usr/lib/gcc/i686-w64-mingw32/9.3-win32/../../../../i686-w64-mingw32/lib/../lib/libmsvcrt.a(libmsvcrt-oss00077.o)
                0x000000000040260c                __p__acmdln
 .text          0x0000000000402614        0x0 /usr/lib/gcc/i686-w64-mingw32/9.3-win32/../../../../i686-w64-mingw32/lib/../lib/libmsvcrt.a(libmsvcrt-oss00060.o)
 .text          0x0000000000402614        0x8 /usr/lib/gcc/i686-w64-mingw32/9.3-win32/../../../../i686-w64-mingw32/lib/../lib/libmsvcrt.a(libmsvcrt-oss00059.o)
                0x0000000000402614                __getmainargs
 *fill*         0x000000000040261c        0x4 
 .text          0x0000000000402620       0x10 /usr/lib/gcc/i686-w64-mingw32/9.3-win32/../../../../i686-w64-mingw32/lib/../lib/libmsvcrt.a(lib32_libmsvcrt_os_a-acrt_iob_func.o)
                0x0000000000402620                __acrt_iob_func
 .text          0x0000000000402630       0x20 /usr/lib/gcc/i686-w64-mingw32/9.3-win32/../../../../i686-w64-mingw32/lib/../lib/libmsvcrt.a(lib32_libmsvcrt_os_a-invalid_parameter_handler.o)
                0x0000000000402630                _get_invalid_parameter_handler
                0x0000000000402640                _set_invalid_parameter_handler
 .text          0x0000000000402650        0x0 /usr/lib/gcc/i686-w64-mingw32/9.3-win32/../../../../i686-w64-mingw32/lib/../lib/libmsvcrt.a(libmsvcrt-osh.o)
 .text          0x0000000000402650        0x0 /usr/lib/gcc/i686-w64-mingw32/9.3-win32/../../../../i686-w64-mingw32/lib/../lib/libmsvcrt.a(libmsvcrt-oss00298.o)
 .text          0x0000000000402650        0x0 /usr/lib/gcc/i686-w64-mingw32/9.3-win32/../../../../i686-w64-mingw32/lib/../lib/libmsvcrt.a(libmsvcrt-ost.o)
 .text          0x0000000000402650        0x0 /usr/lib/gcc/i686-w64-mingw32/9.3-win32/../../../../i686-w64-mingw32/lib/../lib/libkernel32.a(libkernel32h.o)
 .text          0x0000000000402650        0x0 /usr/lib/gcc/i686-w64-mingw32/9.3-win32/../../../../i686-w64-mingw32/lib/../lib/libkernel32.a(libkernel32t.o)
 .text          0x0000000000402650        0x0 /usr/lib/gcc/i686-w64-mingw32/9.3-win32/crtend.o
 *(SORT_BY_NAME(.text$*))
 *(.text.*)
 .text.startup  0x0000000000402650       0x20 hello32.o
                0x0000000000402650                main
 .text.startup  0x0000000000402670       0x10 /usr/lib/gcc/i686-w64-mingw32/9.3-win32/crtend.o
 *(.gnu.linkonce.t.*)
 *(.glue_7t)
 *(.glue_7)
                0x0000000000402680                ___CTOR_LIST__ = .
                0x0000000000402680                __CTOR_LIST__ = .
                0x0000000000402680        0x4 LONG 0xffffffffffffffff
 *(.ctors)
 *(.ctor)
 *(SORT_BY_NAME(.ctors.*))
 .ctors.65535   0x0000000000402684        0x4 /usr/lib/gcc/i686-w64-mingw32/9.3-win32/crtend.o
                0x0000000000402688        0x4 LONG 0x0
                0x000000000040268c                ___DTOR_LIST__ = .
                0x000000000040268c                __DTOR_LIST__ = .
                0x000000000040268c        0x4 LONG 0xffffffffffffffff
 *(.dtors)
 *(.dtor)
 *(SORT_BY_NAME(.dtors.*))
                0x0000000000402690        0x4 LONG 0x0
 *(SORT_NONE(.fini))
 *(.gcc_exc)
                [!provide]                        PROVIDE (etext = .)
                [!provide]                        PROVIDE (_etext = .)
 *(.gcc_except_table)

.data           0x0000000000403000      0x200
                0x0000000000403000                __data_start__ = .
 *(.data)
 .data          0x0000000000403000        0x4 /usr/lib/gcc/i686-w64-mingw32/9.3-win32/../../../../i686-w64-mingw32/lib/../lib/crt2.o
                0x0000000000403000                __mingw_winmain_nShowCmd
 .data          0x0000000000403004        0x0 /usr/lib/gcc/i686-w64-mingw32/9.3-win32/crtbegin.o
 .data          0x0000000000403004        0x0 hello32.o
 .data          0x0000000000403004        0x4 /usr/lib/gcc/i686-w64-mingw32/9.3-win32/../../../../i686-w64-mingw32/lib/../lib/libmingw32.a(lib32_libmingw32_a-gccmain.o)
 .data          0x0000000000403008        0x8 /usr/lib/gcc/i686-w64-mingw32/9.3-win32/../../../../i686-w64-mingw32/lib/../lib/libmingw32.a(lib32_libmingw32_a-natstart.o)
                0x0000000000403008                __native_vcclrit_reason
                0x000000000040300c                __native_dllmain_reason
 .data          0x0000000000403010        0x0 /usr/lib/gcc/i686-w64-mingw32/9.3-win32/../../../../i686-w64-mingw32/lib/../lib/libmingw32.a(lib32_libmingw32_a-wildcard.o)
 .data          0x0000000000403010        0x4 /usr/lib/gcc/i686-w64-mingw32/9.3-win32/../../../../i686-w64-mingw32/lib/../lib/libmingw32.a(lib32_libmingw32_a-charmax.o)
                0x0000000000403010                _charmax
 .data          0x0000000000403014        0x0 /usr/lib/gcc/i686-w64-mingw32/9.3-win32/../../../../i686-w64-mingw32/lib/../lib/libmingw32.a(lib32_libmingw32_a-dllargv.o)
 .data          0x0000000000403014        0x0 /usr/lib/gcc/i686-w64-mingw32/9.3-win32/../../../../i686-w64-mingw32/lib/../lib/libmingw32.a(lib32_libmingw32_a-gs_support.o)
 .data          0x0000000000403014        0x0 /usr/lib/gcc/i686-w64-mingw32/9.3-win32/../../../../i686-w64-mingw32/lib/../lib/libmingw32.a(lib32_libmingw32_a-_newmode.o)
 .data          0x0000000000403014        0x0 /usr/lib/gcc/i686-w64-mingw32/9.3-win32/../../../../i686-w64-mingw32/lib/../lib/libmingw32.a(lib32_libmingw32_a-tlssup.o)
 .data          0x0000000000403014        0x0 /usr/lib/gcc/i686-w64-mingw32/9.3-win32/../../../../i686-w64-mingw32/lib/../lib/libmingw32.a(lib32_libmingw32_a-cinitexe.o)
 .data          0x0000000000403014        0x0 /usr/lib/gcc/i686-w64-mingw32/9.3-win32/../../../../i686-w64-mingw32/lib/../lib/libmingw32.a(lib32_libmingw32_a-merr.o)
 .data          0x0000000000403014        0x0 /usr/lib/gcc/i686-w64-mingw32/9.3-win32/../../../../i686-w64-mingw32/lib/../lib/libmingw32.a(lib32_libmingw32_a-CRT_fp10.o)
 .data          0x0000000000403014        0x0 /usr/lib/gcc/i686-w64-mingw32/9.3-win32/../../../../i686-w64-mingw32/lib/../lib/libmingw32.a(lib32_libmingw32_a-mingw_helpers.o)
 .data          0x0000000000403014        0x0 /usr/lib/gcc/i686-w64-mingw32/9.3-win32/../../../../i686-w64-mingw32/lib/../lib/libmingw32.a(lib32_libmingw32_a-pseudo-reloc.o)
 .data          0x0000000000403014        0x0 /usr/lib/gcc/i686-w64-mingw32/9.3-win32/../../../../i686-w64-mingw32/lib/../lib/libmingw32.a(lib32_libmingw32_a-usermatherr.o)
 .data          0x0000000000403014        0x0 /usr/lib/gcc/i686-w64-mingw32/9.3-win32/../../../../i686-w64-mingw32/lib/../lib/libmingw32.a(lib32_libmingw32_a-xtxtmode.o)
 .data          0x0000000000403014        0x0 /usr/lib/gcc/i686-w64-mingw32/9.3-win32/../../../../i686-w64-mingw32/lib/../lib/libmingw32.a(lib32_libmingw32_a-crt_handler.o)
 .data          0x0000000000403014        0x0 /usr/lib/gcc/i686-w64-mingw32/9.3-win32/../../../../i686-w64-mingw32/lib/../lib/libmingw32.a(lib32_libmingw32_a-tlsthrd.o)
 .data          0x0000000000403014        0x4 /usr/lib/gcc/i686-w64-mingw32/9.3-win32/../../../../i686-w64-mingw32/lib/../lib/libmingw32.a(lib32_libmingw32_a-tlsmcrt.o)
                0x0000000000403014                _CRT_MT
 .data          0x0000000000403018        0x0 /usr/lib/gcc/i686-w64-mingw32/9.3-win32/../../../../i686-w64-mingw32/lib/../lib/libmingw32.a(lib32_libmingw32_a-pseudo-reloc-list.o)
 .data          0x0000000000403018        0x0 /usr/lib/gcc/i686-w64-mingw32/9.3-win32/../../../../i686-w64-mingw32/lib/../lib/libmingw32.a(lib32_libmingw32_a-pesect.o)
 .data          0x0000000000403018        0x0 /usr/lib/gcc/i686-w64-mingw32/9.3-win32/libgcc.a(_chkstk_ms.o)
 .data          0x0000000000403018        0x0 /usr/lib/gcc/i686-w64-mingw32/9.3-win32/libgcc.a(_ctors.o)
 .data          0x0000000000403018        0x4 /usr/lib/gcc/i686-w64-mingw32/9.3-win32/../../../../i686-w64-mingw32/lib/../lib/libmingwex.a(lib32_libmingwex_a-mingw_matherr.o)
                0x0000000000403018                _MINGW_INSTALL_DEBUG_MATHERR
 .data          0x000000000040301c        0x0 /usr/lib/gcc/i686-w64-mingw32/9.3-win32/../../../../i686-w64-mingw32/lib/../lib/libmsvcrt.a(libmsvcrt-oss01111.o)
 .data          0x000000000040301c        0x0 /usr/lib/gcc/i686-w64-mingw32/9.3-win32/../../../../i686-w64-mingw32/lib/../lib/libmsvcrt.a(libmsvcrt-oss01080.o)
 .data          0x000000000040301c        0x0 /usr/lib/gcc/i686-w64-mingw32/9.3-win32/../../../../i686-w64-mingw32/lib/../lib/libmsvcrt.a(libmsvcrt-oss01077.o)
 .data          0x000000000040301c        0x0 /usr/lib/gcc/i686-w64-mingw32/9.3-win32/../../../../i686-w64-mingw32/lib/../lib/libmsvcrt.a(libmsvcrt-oss01059.o)
 .data          0x000000000040301c        0x0 /usr/lib/gcc/i686-w64-mingw32/9.3-win32/../../../../i686-w64-mingw32/lib/../lib/libmsvcrt.a(libmsvcrt-oss01043.o)
 .data          0x000000000040301c        0x0 /usr/lib/gcc/i686-w64-mingw32/9.3-win32/../../../../i686-w64-mingw32/lib/../lib/libmsvcrt.a(libmsvcrt-oss01016.o)
 .data          0x000000000040301c        0x0 /usr/lib/gcc/i686-w64-mingw32/9.3-win32/../../../../i686-w64-mingw32/lib/../lib/libmsvcrt.a(libmsvcrt-oss01008.o)
 .data          0x000000000040301c        0x0 /usr/lib/gcc/i686-w64-mingw32/9.3-win32/../../../../i686-w64-mingw32/lib/../lib/libmsvcrt.a(libmsvcrt-oss00964.o)
 .data          0x000000000040301c        0x0 /usr/lib/gcc/i686-w64-mingw32/9.3-win32/../../../../i686-w64-mingw32/lib/../lib/libmsvcrt.a(libmsvcrt-oss00953.o)
 .data          0x000000000040301c        0x0 /usr/lib/gcc/i686-w64-mingw32/9.3-win32/../../../../i686-w64-mingw32/lib/../lib/libmsvcrt.a(libmsvcrt-oss00946.o)
 .data          0x000000000040301c        0x0 /usr/lib/gcc/i686-w64-mingw32/9.3-win32/../../../../i686-w64-mingw32/lib/../lib/libmsvcrt.a(libmsvcrt-oss00930.o)
 .data          0x000000000040301c        0x0 /usr/lib/gcc/i686-w64-mingw32/9.3-win32/../../../../i686-w64-mingw32/lib/../lib/libmsvcrt.a(libmsvcrt-oss00920.o)
 .data          0x000000000040301c        0x0 /usr/lib/gcc/i686-w64-mingw32/9.3-win32/../../../../i686-w64-mingw32/lib/../lib/libmsvcrt.a(libmsvcrt-oss00907.o)
 .data          0x000000000040301c        0x0 /usr/lib/gcc/i686-w64-mingw32/9.3-win32/../../../../i686-w64-mingw32/lib/../lib/libmsvcrt.a(libmsvcrt-oss00552.o)
 .data          0x000000000040301c        0x0 /usr/lib/gcc/i686-w64-mingw32/9.3-win32/../../../../i686-w64-mingw32/lib/../lib/libmsvcrt.a(libmsvcrt-oss00294.o)
 .data          0x000000000040301c        0x0 /usr/lib/gcc/i686-w64-mingw32/9.3-win32/../../../../i686-w64-mingw32/lib/../lib/libmsvcrt.a(libmsvcrt-oss00160.o)
 .data          0x000000000040301c        0x0 /usr/lib/gcc/i686-w64-mingw32/9.3-win32/../../../../i686-w64-mingw32/lib/../lib/libmsvcrt.a(libmsvcrt-oss00143.o)
 .data          0x000000000040301c        0x0 /usr/lib/gcc/i686-w64-mingw32/9.3-win32/../../../../i686-w64-mingw32/lib/../lib/libmsvcrt.a(libmsvcrt-oss00108.o)
 .data          0x000000000040301c        0x0 /usr/lib/gcc/i686-w64-mingw32/9.3-win32/../../../../i686-w64-mingw32/lib/../lib/libmsvcrt.a(libmsvcrt-oss00105.o)
 .data          0x000000000040301c        0x0 /usr/lib/gcc/i686-w64-mingw32/9.3-win32/../../../../i686-w64-mingw32/lib/../lib/libmsvcrt.a(libmsvcrt-oss00084.o)
 .data          0x000000000040301c        0x0 /usr/lib/gcc/i686-w64-mingw32/9.3-win32/../../../../i686-w64-mingw32/lib/../lib/libmsvcrt.a(libmsvcrt-oss00077.o)
 .data          0x000000000040301c        0x0 /usr/lib/gcc/i686-w64-mingw32/9.3-win32/../../../../i686-w64-mingw32/lib/../lib/libmsvcrt.a(libmsvcrt-oss00069.o)
 .data          0x000000000040301c        0x0 /usr/lib/gcc/i686-w64-mingw32/9.3-win32/../../../../i686-w64-mingw32/lib/../lib/libmsvcrt.a(libmsvcrt-oss00060.o)
 .data          0x000000000040301c        0x0 /usr/lib/gcc/i686-w64-mingw32/9.3-win32/../../../../i686-w64-mingw32/lib/../lib/libmsvcrt.a(libmsvcrt-oss00059.o)
 .data          0x000000000040301c        0x4 /usr/lib/gcc/i686-w64-mingw32/9.3-win32/../../../../i686-w64-mingw32/lib/../lib/libmsvcrt.a(lib32_libmsvcrt_os_a-acrt_iob_func.o)
                0x000000000040301c                _imp____acrt_iob_func
 .data          0x0000000000403020        0x8 /usr/lib/gcc/i686-w64-mingw32/9.3-win32/../../../../i686-w64-mingw32/lib/../lib/libmsvcrt.a(lib32_libmsvcrt_os_a-invalid_parameter_handler.o)
                0x0000000000403020                _imp___get_invalid_parameter_handler
                0x0000000000403024                _imp___set_invalid_parameter_handler
 .data          0x0000000000403028        0x0 /usr/lib/gcc/i686-w64-mingw32/9.3-win32/../../../../i686-w64-mingw32/lib/../lib/libmsvcrt.a(libmsvcrt-osh.o)
 .data          0x0000000000403028        0x0 /usr/lib/gcc/i686-w64-mingw32/9.3-win32/../../../../i686-w64-mingw32/lib/../lib/libmsvcrt.a(libmsvcrt-oss00298.o)
 .data          0x0000000000403028        0x0 /usr/lib/gcc/i686-w64-mingw32/9.3-win32/../../../../i686-w64-mingw32/lib/../lib/libmsvcrt.a(libmsvcrt-ost.o)
 .data          0x0000000000403028        0x0 /usr/lib/gcc/i686-w64-mingw32/9.3-win32/../../../../i686-w64-mingw32/lib/../lib/libkernel32.a(libkernel32s01471.o)
 .data          0x0000000000403028        0x0 /usr/lib/gcc/i686-w64-mingw32/9.3-win32/../../../../i686-w64-mingw32/lib/../lib/libkernel32.a(libkernel32s01468.o)
 .data          0x0000000000403028        0x0 /usr/lib/gcc/i686-w64-mingw32/9.3-win32/../../../../i686-w64-mingw32/lib/../lib/libkernel32.a(libkernel32s01434.o)
 .data          0x0000000000403028        0x0 /usr/lib/gcc/i686-w64-mingw32/9.3-win32/../../../../i686-w64-mingw32/lib/../lib/libkernel32.a(libkernel32s01420.o)
 .data          0x0000000000403028        0x0 /usr/lib/gcc/i686-w64-mingw32/9.3-win32/../../../../i686-w64-mingw32/lib/../lib/libkernel32.a(libkernel32s01400.o)
 .data          0x0000000000403028        0x0 /usr/lib/gcc/i686-w64-mingw32/9.3-win32/../../../../i686-w64-mingw32/lib/../lib/libkernel32.a(libkernel32s01385.o)
 .data          0x0000000000403028        0x0 /usr/lib/gcc/i686-w64-mingw32/9.3-win32/../../../../i686-w64-mingw32/lib/../lib/libkernel32.a(libkernel32s01369.o)
 .data          0x0000000000403028        0x0 /usr/lib/gcc/i686-w64-mingw32/9.3-win32/../../../../i686-w64-mingw32/lib/../lib/libkernel32.a(libkernel32s01117.o)
 .data          0x0000000000403028        0x0 /usr/lib/gcc/i686-w64-mingw32/9.3-win32/../../../../i686-w64-mingw32/lib/../lib/libkernel32.a(libkernel32s00972.o)
 .data          0x0000000000403028        0x0 /usr/lib/gcc/i686-w64-mingw32/9.3-win32/../../../../i686-w64-mingw32/lib/../lib/libkernel32.a(libkernel32s00876.o)
 .data          0x0000000000403028        0x0 /usr/lib/gcc/i686-w64-mingw32/9.3-win32/../../../../i686-w64-mingw32/lib/../lib/libkernel32.a(libkernel32s00785.o)
 .data          0x0000000000403028        0x0 /usr/lib/gcc/i686-w64-mingw32/9.3-win32/../../../../i686-w64-mingw32/lib/../lib/libkernel32.a(libkernel32s00754.o)
 .data          0x0000000000403028        0x0 /usr/lib/gcc/i686-w64-mingw32/9.3-win32/../../../../i686-w64-mingw32/lib/../lib/libkernel32.a(libkernel32s00728.o)
 .data          0x0000000000403028        0x0 /usr/lib/gcc/i686-w64-mingw32/9.3-win32/../../../../i686-w64-mingw32/lib/../lib/libkernel32.a(libkernel32s00616.o)
 .data          0x0000000000403028        0x0 /usr/lib/gcc/i686-w64-mingw32/9.3-win32/../../../../i686-w64-mingw32/lib/../lib/libkernel32.a(libkernel32s00547.o)
 .data          0x0000000000403028        0x0 /usr/lib/gcc/i686-w64-mingw32/9.3-win32/../../../../i686-w64-mingw32/lib/../lib/libkernel32.a(libkernel32s00543.o)
 .data          0x0000000000403028        0x0 /usr/lib/gcc/i686-w64-mingw32/9.3-win32/../../../../i686-w64-mingw32/lib/../lib/libkernel32.a(libkernel32s00542.o)
 .data          0x0000000000403028        0x0 /usr/lib/gcc/i686-w64-mingw32/9.3-win32/../../../../i686-w64-mingw32/lib/../lib/libkernel32.a(libkernel32s00309.o)
 .data          0x0000000000403028        0x0 /usr/lib/gcc/i686-w64-mingw32/9.3-win32/../../../../i686-w64-mingw32/lib/../lib/libkernel32.a(libkernel32s00276.o)
 .data          0x0000000000403028        0x0 /usr/lib/gcc/i686-w64-mingw32/9.3-win32/../../../../i686-w64-mingw32/lib/../lib/libkernel32.a(libkernel32h.o)
 .data          0x0000000000403028        0x0 /usr/lib/gcc/i686-w64-mingw32/9.3-win32/../../../../i686-w64-mingw32/lib/../lib/libkernel32.a(libkernel32t.o)
 .data          0x0000000000403028        0x0 /usr/lib/gcc/i686-w64-mingw32/9.3-win32/crtend.o
 *(.data2)
 *(SORT_BY_NAME(.data$*))
 .data$__security_cookie
                0x0000000000403028        0x4 /usr/lib/gcc/i686-w64-mingw32/9.3-win32/../../../../i686-w64-mingw32/lib/../lib/libmingw32.a(lib32_libmingw32_a-gs_support.o)
                0x0000000000403028                __security_cookie
 .data$__security_cookie_complement
                0x000000000040302c        0x4 /usr/lib/gcc/i686-w64-mingw32/9.3-win32/../../../../i686-w64-mingw32/lib/../lib/libmingw32.a(lib32_libmingw32_a-gs_support.o)
                0x000000000040302c                __security_cookie_complement
 *(.jcr)
                0x0000000000403030                __data_end__ = .
 *(.data_cygwin_nocopy)

.rdata          0x0000000000404000      0x600
 *(.rdata)
 .rdata         0x0000000000404000        0x8 hello32.o
 .rdata         0x0000000000404008        0x8 /usr/lib/gcc/i686-w64-mingw32/9.3-win32/../../../../i686-w64-mingw32/lib/../lib/libmingw32.a(lib32_libmingw32_a-gs_support.o)
 .rdata         0x0000000000404010       0x1c /usr/lib/gcc/i686-w64-mingw32/9.3-win32/../../../../i686-w64-mingw32/lib/../lib/libmingw32.a(lib32_libmingw32_a-tlssup.o)
                0x0000000000404010                __dyn_tls_init_callback
                0x0000000000404014                _tls_used
 .rdata         0x000000000040402c      0x134 /usr/lib/gcc/i686-w64-mingw32/9.3-win32/../../../../i686-w64-mingw32/lib/../lib/libmingw32.a(lib32_libmingw32_a-merr.o)
 .rdata         0x0000000000404160       0xf8 /usr/lib/gcc/i686-w64-mingw32/9.3-win32/../../../../i686-w64-mingw32/lib/../lib/libmingw32.a(lib32_libmingw32_a-pseudo-reloc.o)
 *(SORT_BY_NAME(.rdata$*))
 .rdata$zzz     0x0000000000404258       0x20 /usr/lib/gcc/i686-w64-mingw32/9.3-win32/../../../../i686-w64-mingw32/lib/../lib/crt2.o
 .rdata$zzz     0x0000000000404278       0x20 /usr/lib/gcc/i686-w64-mingw32/9.3-win32/crtbegin.o
 .rdata$zzz     0x0000000000404298       0x20 hello32.o
 .rdata$zzz     0x00000000004042b8       0x20 /usr/lib/gcc/i686-w64-mingw32/9.3-win32/../../../../i686-w64-mingw32/lib/../lib/libmingw32.a(lib32_libmingw32_a-gccmain.o)
 .rdata$zzz     0x00000000004042d8       0x20 /usr/lib/gcc/i686-w64-mingw32/9.3-win32/../../../../i686-w64-mingw32/lib/../lib/libmingw32.a(lib32_libmingw32_a-natstart.o)
 .rdata$zzz     0x00000000004042f8       0x20 /usr/lib/gcc/i686-w64-mingw32/9.3-win32/../../../../i686-w64-mingw32/lib/../lib/libmingw32.a(lib32_libmingw32_a-wildcard.o)
 .rdata$zzz     0x0000000000404318       0x20 /usr/lib/gcc/i686-w64-mingw32/9.3-win32/../../../../i686-w64-mingw32/lib/../lib/libmingw32.a(lib32_libmingw32_a-charmax.o)
 .rdata$zzz     0x0000000000404338       0x20 /usr/lib/gcc/i686-w64-mingw32/9.3-win32/../../../../i686-w64-mingw32/lib/../lib/libmingw32.a(lib32_libmingw32_a-dllargv.o)
 .rdata$zzz     0x0000000000404358       0x20 /usr/lib/gcc/i686-w64-mingw32/9.3-win32/../../../../i686-w64-mingw32/lib/../lib/libmingw32.a(lib32_libmingw32_a-gs_support.o)
 .rdata$zzz     0x0000000000404378       0x20 /usr/lib/gcc/i686-w64-mingw32/9.3-win32/../../../../i686-w64-mingw32/lib/../lib/libmingw32.a(lib32_libmingw32_a-_newmode.o)
 .rdata$zzz     0x0000000000404398       0x20 /usr/lib/gcc/i686-w64-mingw32/9.3-win32/../../../../i686-w64-mingw32/lib/../lib/libmingw32.a(lib32_libmingw32_a-tlssup.o)
 .rdata$zzz     0x00000000004043b8       0x20 /usr/lib/gcc/i686-w64-mingw32/9.3-win32/../../../../i686-w64-mingw32/lib/../lib/libmingw32.a(lib32_libmingw32_a-cinitexe.o)
 .rdata$zzz     0x00000000004043d8       0x20 /usr/lib/gcc/i686-w64-mingw32/9.3-win32/../../../../i686-w64-mingw32/lib/../lib/libmingw32.a(lib32_libmingw32_a-merr.o)
 .rdata$zzz     0x00000000004043f8       0x20 /usr/lib/gcc/i686-w64-mingw32/9.3-win32/../../../../i686-w64-mingw32/lib/../lib/libmingw32.a(lib32_libmingw32_a-CRT_fp10.o)
 .rdata$zzz     0x0000000000404418       0x20 /usr/lib/gcc/i686-w64-mingw32/9.3-win32/../../../../i686-w64-mingw32/lib/../lib/libmingw32.a(lib32_libmingw32_a-mingw_helpers.o)
 .rdata$zzz     0x0000000000404438       0x20 /usr/lib/gcc/i686-w64-mingw32/9.3-win32/../../../../i686-w64-mingw32/lib/../lib/libmingw32.a(lib32_libmingw32_a-pseudo-reloc.o)
 .rdata$zzz     0x0000000000404458       0x20 /usr/lib/gcc/i686-w64-mingw32/9.3-win32/../../../../i686-w64-mingw32/lib/../lib/libmingw32.a(lib32_libmingw32_a-usermatherr.o)
 .rdata$zzz     0x0000000000404478       0x20 /usr/lib/gcc/i686-w64-mingw32/9.3-win32/../../../../i686-w64-mingw32/lib/../lib/libmingw32.a(lib32_libmingw32_a-xtxtmode.o)
 .rdata$zzz     0x0000000000404498       0x20 /usr/lib/gcc/i686-w64-mingw32/9.3-win32/../../../../i686-w64-mingw32/lib/../lib/libmingw32.a(lib32_libmingw32_a-crt_handler.o)
 .rdata$zzz     0x00000000004044b8       0x20 /usr/lib/gcc/i686-w64-mingw32/9.3-win32/../../../../i686-w64-mingw32/lib/../lib/libmingw32.a(lib32_libmingw32_a-tlsthrd.o)
 .rdata$zzz     0x00000000004044d8       0x20 /usr/lib/gcc/i686-w64-mingw32/9.3-win32/../../../../i686-w64-mingw32/lib/../lib/libmingw32.a(lib32_libmingw32_a-tlsmcrt.o)
 .rdata$zzz     0x00000000004044f8       0x20 /usr/lib/gcc/i686-w64-mingw32/9.3-win32/../../../../i686-w64-mingw32/lib/../lib/libmingw32.a(lib32_libmingw32_a-pseudo-reloc-list.o)
 .rdata$zzz     0x0000000000404518       0x20 /usr/lib/gcc/i686-w64-mingw32/9.3-win32/../../../../i686-w64-mingw32/lib/../lib/libmingw32.a(lib32_libmingw32_a-pesect.o)
 .rdata$zzz     0x0000000000404538       0x20 /usr/lib/gcc/i686-w64-mingw32/9.3-win32/libgcc.a(_ctors.o)
 .rdata$zzz     0x0000000000404558       0x20 /usr/lib/gcc/i686-w64-mingw32/9.3-win32/../../../../i686-w64-mingw32/lib/../lib/libmingwex.a(lib32_libmingwex_a-mingw_matherr.o)
 .rdata$zzz     0x0000000000404578       0x20 /usr/lib/gcc/i686-w64-mingw32/9.3-win32/../../../../i686-w64-mingw32/lib/../lib/libmsvcrt.a(lib32_libmsvcrt_os_a-acrt_iob_func.o)
 .rdata$zzz     0x0000000000404598       0x20 /usr/lib/gcc/i686-w64-mingw32/9.3-win32/../../../../i686-w64-mingw32/lib/../lib/libmsvcrt.a(lib32_libmsvcrt_os_a-invalid_parameter_handler.o)
 .rdata$zzz     0x00000000004045b8       0x20 /usr/lib/gcc/i686-w64-mingw32/9.3-win32/crtend.o
                0x00000000004045d8                . = ALIGN (0x4)
                0x00000000004045d8                __rt_psrelocs_start = .
 *(.rdata_runtime_pseudo_reloc)
                0x00000000004045d8                __rt_psrelocs_end = .
                0x0000000000000000                __rt_psrelocs_size = (__rt_psrelocs_end - __rt_psrelocs_start)
                0x00000000004045d8                ___RUNTIME_PSEUDO_RELOC_LIST_END__ = .
                0x00000000004045d8                __RUNTIME_PSEUDO_RELOC_LIST_END__ = .
                0x00000000004045d8                ___RUNTIME_PSEUDO_RELOC_LIST__ = (. - __rt_psrelocs_size)
                0x00000000004045d8                __RUNTIME_PSEUDO_RELOC_LIST__ = (. - __rt_psrelocs_size)

.eh_frame
 *(.eh_frame*)

.pdata
 *(.pdata*)

.bss            0x0000000000405000      0x3e8
                0x0000000000405000                __bss_start__ = .
 *(.bss)
 .bss           0x0000000000405000       0x20 /usr/lib/gcc/i686-w64-mingw32/9.3-win32/../../../../i686-w64-mingw32/lib/../lib/crt2.o
                0x0000000000405000                __mingw_module_is_dll
 .bss           0x0000000000405020        0x0 /usr/lib/gcc/i686-w64-mingw32/9.3-win32/crtbegin.o
 .bss           0x0000000000405020        0x0 hello32.o
 .bss           0x0000000000405020        0x4 /usr/lib/gcc/i686-w64-mingw32/9.3-win32/../../../../i686-w64-mingw32/lib/../lib/libmingw32.a(lib32_libmingw32_a-gccmain.o)
 .bss           0x0000000000405024        0x0 /usr/lib/gcc/i686-w64-mingw32/9.3-win32/../../../../i686-w64-mingw32/lib/../lib/libmingw32.a(lib32_libmingw32_a-natstart.o)
 .bss           0x0000000000405024        0x4 /usr/lib/gcc/i686-w64-mingw32/9.3-win32/../../../../i686-w64-mingw32/lib/../lib/libmingw32.a(lib32_libmingw32_a-wildcard.o)
                0x0000000000405024                _dowildcard
 .bss           0x0000000000405028        0x4 /usr/lib/gcc/i686-w64-mingw32/9.3-win32/../../../../i686-w64-mingw32/lib/../lib/libmingw32.a(lib32_libmingw32_a-charmax.o)
                0x0000000000405028                mingw_initcharmax
 .bss           0x000000000040502c        0x0 /usr/lib/gcc/i686-w64-mingw32/9.3-win32/../../../../i686-w64-mingw32/lib/../lib/libmingw32.a(lib32_libmingw32_a-dllargv.o)
 *fill*         0x000000000040502c       0x14 
 .bss           0x0000000000405040      0x340 /usr/lib/gcc/i686-w64-mingw32/9.3-win32/../../../../i686-w64-mingw32/lib/../lib/libmingw32.a(lib32_libmingw32_a-gs_support.o)
 .bss           0x0000000000405380        0x4 /usr/lib/gcc/i686-w64-mingw32/9.3-win32/../../../../i686-w64-mingw32/lib/../lib/libmingw32.a(lib32_libmingw32_a-_newmode.o)
                0x0000000000405380                _newmode
 .bss           0x0000000000405384       0x10 /usr/lib/gcc/i686-w64-mingw32/9.3-win32/../../../../i686-w64-mingw32/lib/../lib/libmingw32.a(lib32_libmingw32_a-tlssup.o)
                0x0000000000405384                mingw_initltssuo_force
                0x0000000000405388                mingw_initltsdyn_force
                0x000000000040538c                mingw_initltsdrot_force
                0x0000000000405390                _tls_index
 .bss           0x0000000000405394        0x0 /usr/lib/gcc/i686-w64-mingw32/9.3-win32/../../../../i686-w64-mingw32/lib/../lib/libmingw32.a(lib32_libmingw32_a-cinitexe.o)
 .bss           0x0000000000405394        0x0 /usr/lib/gcc/i686-w64-mingw32/9.3-win32/../../../../i686-w64-mingw32/lib/../lib/libmingw32.a(lib32_libmingw32_a-merr.o)
 .bss           0x0000000000405394        0x0 /usr/lib/gcc/i686-w64-mingw32/9.3-win32/../../../../i686-w64-mingw32/lib/../lib/libmingw32.a(lib32_libmingw32_a-CRT_fp10.o)
 .bss           0x0000000000405394        0x4 /usr/lib/gcc/i686-w64-mingw32/9.3-win32/../../../../i686-w64-mingw32/lib/../lib/libmingw32.a(lib32_libmingw32_a-mingw_helpers.o)
                0x0000000000405394                mingw_app_type
 .bss           0x0000000000405398        0xc /usr/lib/gcc/i686-w64-mingw32/9.3-win32/../../../../i686-w64-mingw32/lib/../lib/libmingw32.a(lib32_libmingw32_a-pseudo-reloc.o)
 .bss           0x00000000004053a4        0x4 /usr/lib/gcc/i686-w64-mingw32/9.3-win32/../../../../i686-w64-mingw32/lib/../lib/libmingw32.a(lib32_libmingw32_a-usermatherr.o)
 .bss           0x00000000004053a8        0x4 /usr/lib/gcc/i686-w64-mingw32/9.3-win32/../../../../i686-w64-mingw32/lib/../lib/libmingw32.a(lib32_libmingw32_a-xtxtmode.o)
                0x00000000004053a8                _fmode
 .bss           0x00000000004053ac        0x4 /usr/lib/gcc/i686-w64-mingw32/9.3-win32/../../../../i686-w64-mingw32/lib/../lib/libmingw32.a(lib32_libmingw32_a-crt_handler.o)
                0x00000000004053ac                __mingw_oldexcpt_handler
 .bss           0x00000000004053b0       0x20 /usr/lib/gcc/i686-w64-mingw32/9.3-win32/../../../../i686-w64-mingw32/lib/../lib/libmingw32.a(lib32_libmingw32_a-tlsthrd.o)
 .bss           0x00000000004053d0        0x0 /usr/lib/gcc/i686-w64-mingw32/9.3-win32/../../../../i686-w64-mingw32/lib/../lib/libmingw32.a(lib32_libmingw32_a-tlsmcrt.o)
 .bss           0x00000000004053d0        0x4 /usr/lib/gcc/i686-w64-mingw32/9.3-win32/../../../../i686-w64-mingw32/lib/../lib/libmingw32.a(lib32_libmingw32_a-pseudo-reloc-list.o)
 .bss           0x00000000004053d4        0x0 /usr/lib/gcc/i686-w64-mingw32/9.3-win32/../../../../i686-w64-mingw32/lib/../lib/libmingw32.a(lib32_libmingw32_a-pesect.o)
 .bss           0x00000000004053d4        0x0 /usr/lib/gcc/i686-w64-mingw32/9.3-win32/libgcc.a(_chkstk_ms.o)
 .bss           0x00000000004053d4        0x0 /usr/lib/gcc/i686-w64-mingw32/9.3-win32/libgcc.a(_ctors.o)
 .bss           0x00000000004053d4        0x0 /usr/lib/gcc/i686-w64-mingw32/9.3-win32/../../../../i686-w64-mingw32/lib/../lib/libmingwex.a(lib32_libmingwex_a-mingw_matherr.o)
 .bss           0x00000000004053d4        0x0 /usr/lib/gcc/i686-w64-mingw32/9.3-win32/../../../../i686-w64-mingw32/lib/../lib/libmsvcrt.a(libmsvcrt-oss01111.o)
 .bss           0x00000000004053d4        0x0 /usr/lib/gcc/i686-w64-mingw32/9.3-win32/../../../../i686-w64-mingw32/lib/../lib/libmsvcrt.a(libmsvcrt-oss01080.o)
 .bss           0x00000000004053d4        0x0 /usr/lib/gcc/i686-w64-mingw32/9.3-win32/../../../../i686-w64-mingw32/lib/../lib/libmsvcrt.a(libmsvcrt-oss01077.o)
 .bss           0x00000000004053d4        0x0 /usr/lib/gcc/i686-w64-mingw32/9.3-win32/../../../../i686-w64-mingw32/lib/../lib/libmsvcrt.a(libmsvcrt-oss01059.o)
 .bss           0x00000000004053d4        0x0 /usr/lib/gcc/i686-w64-mingw32/9.3-win32/../../../../i686-w64-mingw32/lib/../lib/libmsvcrt.a(libmsvcrt-oss01043.o)
 .bss           0x00000000004053d4        0x0 /usr/lib/gcc/i686-w64-mingw32/9.3-win32/../../../../i686-w64-mingw32/lib/../lib/libmsvcrt.a(libmsvcrt-oss01016.o)
 .bss           0x00000000004053d4        0x0 /usr/lib/gcc/i686-w64-mingw32/9.3-win32/../../../../i686-w64-mingw32/lib/../lib/libmsvcrt.a(libmsvcrt-oss01008.o)
 .bss           0x00000000004053d4        0x0 /usr/lib/gcc/i686-w64-mingw32/9.3-win32/../../../../i686-w64-mingw32/lib/../lib/libmsvcrt.a(libmsvcrt-oss00964.o)
 .bss           0x00000000004053d4        0x0 /usr/lib/gcc/i686-w64-mingw32/9.3-win32/../../../../i686-w64-mingw32/lib/../lib/libmsvcrt.a(libmsvcrt-oss00953.o)
 .bss           0x00000000004053d4        0x0 /usr/lib/gcc/i686-w64-mingw32/9.3-win32/../../../../i686-w64-mingw32/lib/../lib/libmsvcrt.a(libmsvcrt-oss00946.o)
 .bss           0x00000000004053d4        0x0 /usr/lib/gcc/i686-w64-mingw32/9.3-win32/../../../../i686-w64-mingw32/lib/../lib/libmsvcrt.a(libmsvcrt-oss00930.o)
 .bss           0x00000000004053d4        0x0 /usr/lib/gcc/i686-w64-mingw32/9.3-win32/../../../../i686-w64-mingw32/lib/../lib/libmsvcrt.a(libmsvcrt-oss00920.o)
 .bss           0x00000000004053d4        0x0 /usr/lib/gcc/i686-w64-mingw32/9.3-win32/../../../../i686-w64-mingw32/lib/../lib/libmsvcrt.a(libmsvcrt-oss00907.o)
 .bss           0x00000000004053d4        0x0 /usr/lib/gcc/i686-w64-mingw32/9.3-win32/../../../../i686-w64-mingw32/lib/../lib/libmsvcrt.a(libmsvcrt-oss00552.o)
 .bss           0x00000000004053d4        0x0 /usr/lib/gcc/i686-w64-mingw32/9.3-win32/../../../../i686-w64-mingw32/lib/../lib/libmsvcrt.a(libmsvcrt-oss00294.o)
 .bss           0x00000000004053d4        0x0 /usr/lib/gcc/i686-w64-mingw32/9.3-win32/../../../../i686-w64-mingw32/lib/../lib/libmsvcrt.a(libmsvcrt-oss00160.o)
 .bss           0x00000000004053d4        0x0 /usr/lib/gcc/i686-w64-mingw32/9.3-win32/../../../../i686-w64-mingw32/lib/../lib/libmsvcrt.a(libmsvcrt-oss00143.o)
 .bss           0x00000000004053d4        0x0 /usr/lib/gcc/i686-w64-mingw32/9.3-win32/../../../../i686-w64-mingw32/lib/../lib/libmsvcrt.a(libmsvcrt-oss00108.o)
 .bss           0x00000000004053d4        0x0 /usr/lib/gcc/i686-w64-mingw32/9.3-win32/../../../../i686-w64-mingw32/lib/../lib/libmsvcrt.a(libmsvcrt-oss00105.o)
 .bss           0x00000000004053d4        0x0 /usr/lib/gcc/i686-w64-mingw32/9.3-win32/../../../../i686-w64-mingw32/lib/../lib/libmsvcrt.a(libmsvcrt-oss00084.o)
 .bss           0x00000000004053d4        0x0 /usr/lib/gcc/i686-w64-mingw32/9.3-win32/../../../../i686-w64-mingw32/lib/../lib/libmsvcrt.a(libmsvcrt-oss00077.o)
 .bss           0x00000000004053d4        0x0 /usr/lib/gcc/i686-w64-mingw32/9.3-win32/../../../../i686-w64-mingw32/lib/../lib/libmsvcrt.a(libmsvcrt-oss00069.o)
 .bss           0x00000000004053d4        0x0 /usr/lib/gcc/i686-w64-mingw32/9.3-win32/../../../../i686-w64-mingw32/lib/../lib/libmsvcrt.a(libmsvcrt-oss00060.o)
 .bss           0x00000000004053d4        0x0 /usr/lib/gcc/i686-w64-mingw32/9.3-win32/../../../../i686-w64-mingw32/lib/../lib/libmsvcrt.a(libmsvcrt-oss00059.o)
 .bss           0x00000000004053d4        0x0 /usr/lib/gcc/i686-w64-mingw32/9.3-win32/../../../../i686-w64-mingw32/lib/../lib/libmsvcrt.a(lib32_libmsvcrt_os_a-acrt_iob_func.o)
 .bss           0x00000000004053d4        0x4 /usr/lib/gcc/i686-w64-mingw32/9.3-win32/../../../../i686-w64-mingw32/lib/../lib/libmsvcrt.a(lib32_libmsvcrt_os_a-invalid_parameter_handler.o)
 .bss           0x00000000004053d8        0x0 /usr/lib/gcc/i686-w64-mingw32/9.3-win32/../../../../i686-w64-mingw32/lib/../lib/libmsvcrt.a(libmsvcrt-osh.o)
 .bss           0x00000000004053d8        0x0 /usr/lib/gcc/i686-w64-mingw32/9.3-win32/../../../../i686-w64-mingw32/lib/../lib/libmsvcrt.a(libmsvcrt-oss00298.o)
 .bss           0x00000000004053d8        0x0 /usr/lib/gcc/i686-w64-mingw32/9.3-win32/../../../../i686-w64-mingw32/lib/../lib/libmsvcrt.a(libmsvcrt-ost.o)
 .bss           0x00000000004053d8        0x0 /usr/lib/gcc/i686-w64-mingw32/9.3-win32/../../../../i686-w64-mingw32/lib/../lib/libkernel32.a(libkernel32s01471.o)
 .bss           0x00000000004053d8        0x0 /usr/lib/gcc/i686-w64-mingw32/9.3-win32/../../../../i686-w64-mingw32/lib/../lib/libkernel32.a(libkernel32s01468.o)
 .bss           0x00000000004053d8        0x0 /usr/lib/gcc/i686-w64-mingw32/9.3-win32/../../../../i686-w64-mingw32/lib/../lib/libkernel32.a(libkernel32s01434.o)
 .bss           0x00000000004053d8        0x0 /usr/lib/gcc/i686-w64-mingw32/9.3-win32/../../../../i686-w64-mingw32/lib/../lib/libkernel32.a(libkernel32s01420.o)
 .bss           0x00000000004053d8        0x0 /usr/lib/gcc/i686-w64-mingw32/9.3-win32/../../../../i686-w64-mingw32/lib/../lib/libkernel32.a(libkernel32s01400.o)
 .bss           0x00000000004053d8        0x0 /usr/lib/gcc/i686-w64-mingw32/9.3-win32/../../../../i686-w64-mingw32/lib/../lib/libkernel32.a(libkernel32s01385.o)
 .bss           0x00000000004053d8        0x0 /usr/lib/gcc/i686-w64-mingw32/9.3-win32/../../../../i686-w64-mingw32/lib/../lib/libkernel32.a(libkernel32s01369.o)
 .bss           0x00000000004053d8        0x0 /usr/lib/gcc/i686-w64-mingw32/9.3-win32/../../../../i686-w64-mingw32/lib/../lib/libkernel32.a(libkernel32s01117.o)
 .bss           0x00000000004053d8        0x0 /usr/lib/gcc/i686-w64-mingw32/9.3-win32/../../../../i686-w64-mingw32/lib/../lib/libkernel32.a(libkernel32s00972.o)
 .bss           0x00000000004053d8        0x0 /usr/lib/gcc/i686-w64-mingw32/9.3-win32/../../../../i686-w64-mingw32/lib/../lib/libkernel32.a(libkernel32s00876.o)
 .bss           0x00000000004053d8        0x0 /usr/lib/gcc/i686-w64-mingw32/9.3-win32/../../../../i686-w64-mingw32/lib/../lib/libkernel32.a(libkernel32s00785.o)
 .bss           0x00000000004053d8        0x0 /usr/lib/gcc/i686-w64-mingw32/9.3-win32/../../../../i686-w64-mingw32/lib/../lib/libkernel32.a(libkernel32s00754.o)
 .bss           0x00000000004053d8        0x0 /usr/lib/gcc/i686-w64-mingw32/9.3-win32/../../../../i686-w64-mingw32/lib/../lib/libkernel32.a(libkernel32s00728.o)
 .bss           0x00000000004053d8        0x0 /usr/lib/gcc/i686-w64-mingw32/9.3-win32/../../../../i686-w64-mingw32/lib/../lib/libkernel32.a(libkernel32s00616.o)
 .bss           0x00000000004053d8        0x0 /usr/lib/gcc/i686-w64-mingw32/9.3-win32/../../../../i686-w64-mingw32/lib/../lib/libkernel32.a(libkernel32s00547.o)
 .bss           0x00000000004053d8        0x0 /usr/lib/gcc/i686-w64-mingw32/9.3-win32/../../../../i686-w64-mingw32/lib/../lib/libkernel32.a(libkernel32s00543.o)
 .bss           0x00000000004053d8        0x0 /usr/lib/gcc/i686-w64-mingw32/9.3-win32/../../../../i686-w64-mingw32/lib/../lib/libkernel32.a(libkernel32s00542.o)
 .bss           0x00000000004053d8        0x0 /usr/lib/gcc/i686-w64-mingw32/9.3-win32/../../../../i686-w64-mingw32/lib/../lib/libkernel32.a(libkernel32s00309.o)
 .bss           0x00000000004053d8        0x0 /usr/lib/gcc/i686-w64-mingw32/9.3-win32/../../../../i686-w64-mingw32/lib/../lib/libkernel32.a(libkernel32s00276.o)
 .bss           0x00000000004053d8        0x0 /usr/lib/gcc/i686-w64-mingw32/9.3-win32/../../../../i686-w64-mingw32/lib/../lib/libkernel32.a(libkernel32h.o)
 .bss           0x00000000004053d8        0x0 /usr/lib/gcc/i686-w64-mingw32/9.3-win32/../../../../i686-w64-mingw32/lib/../lib/libkernel32.a(libkernel32t.o)
 .bss           0x00000000004053d8        0x0 /usr/lib/gcc/i686-w64-mingw32/9.3-win32/crtend.o
 *(COMMON)
 COMMON         0x00000000004053d8        0x8 /usr/lib/gcc/i686-w64-mingw32/9.3-win32/../../../../i686-w64-mingw32/lib/../lib/crt2.o
                0x00000000004053d8                __mingw_winmain_lpCmdLine
                0x00000000004053dc                __mingw_winmain_hInstance
 COMMON         0x00000000004053e0        0x8 /usr/lib/gcc/i686-w64-mingw32/9.3-win32/../../../../i686-w64-mingw32/lib/../lib/libmingw32.a(lib32_libmingw32_a-natstart.o)
                0x00000000004053e0                __native_startup_lock
                0x00000000004053e4                __native_startup_state
 COMMON         0x00000000004053e8        0x0 /usr/lib/gcc/i686-w64-mingw32/9.3-win32/libgcc.a(_ctors.o)
                0x00000000004053e8                __bss_end__ = .

.edata
 *(.edata)

/DISCARD/
 *(.debug$S)
 *(.debug$T)
 *(.debug$F)
 *(.drectve)
 *(.note.GNU-stack)
 *(.gnu.lto_*)

.idata          0x0000000000406000      0x600
 SORT_BY_NAME(*)(.idata$2)
 .idata$2       0x0000000000406000       0x14 /usr/lib/gcc/i686-w64-mingw32/9.3-win32/../../../../i686-w64-mingw32/lib/../lib/libkernel32.a(libkernel32h.o)
                0x0000000000406000                _head_lib32_libkernel32_a
 .idata$2       0x0000000000406014       0x14 /usr/lib/gcc/i686-w64-mingw32/9.3-win32/../../../../i686-w64-mingw32/lib/../lib/libmsvcrt.a(libmsvcrt-osh.o)
                0x0000000000406014                _head_lib32_libmsvcrt_os_a
 SORT_BY_NAME(*)(.idata$3)
                0x0000000000406028        0x4 LONG 0x0
                0x000000000040602c        0x4 LONG 0x0
                0x0000000000406030        0x4 LONG 0x0
                0x0000000000406034        0x4 LONG 0x0
                0x0000000000406038        0x4 LONG 0x0
 SORT_BY_NAME(*)(.idata$4)
 .idata$4       0x000000000040603c        0x0 /usr/lib/gcc/i686-w64-mingw32/9.3-win32/../../../../i686-w64-mingw32/lib/../lib/libkernel32.a(libkernel32h.o)
 .idata$4       0x000000000040603c        0x4 /usr/lib/gcc/i686-w64-mingw32/9.3-win32/../../../../i686-w64-mingw32/lib/../lib/libkernel32.a(libkernel32s00276.o)
 .idata$4       0x0000000000406040        0x4 /usr/lib/gcc/i686-w64-mingw32/9.3-win32/../../../../i686-w64-mingw32/lib/../lib/libkernel32.a(libkernel32s00309.o)
 .idata$4       0x0000000000406044        0x4 /usr/lib/gcc/i686-w64-mingw32/9.3-win32/../../../../i686-w64-mingw32/lib/../lib/libkernel32.a(libkernel32s00542.o)
 .idata$4       0x0000000000406048        0x4 /usr/lib/gcc/i686-w64-mingw32/9.3-win32/../../../../i686-w64-mingw32/lib/../lib/libkernel32.a(libkernel32s00543.o)
 .idata$4       0x000000000040604c        0x4 /usr/lib/gcc/i686-w64-mingw32/9.3-win32/../../../../i686-w64-mingw32/lib/../lib/libkernel32.a(libkernel32s00547.o)
 .idata$4       0x0000000000406050        0x4 /usr/lib/gcc/i686-w64-mingw32/9.3-win32/../../../../i686-w64-mingw32/lib/../lib/libkernel32.a(libkernel32s00616.o)
 .idata$4       0x0000000000406054        0x4 /usr/lib/gcc/i686-w64-mingw32/9.3-win32/../../../../i686-w64-mingw32/lib/../lib/libkernel32.a(libkernel32s00728.o)
 .idata$4       0x0000000000406058        0x4 /usr/lib/gcc/i686-w64-mingw32/9.3-win32/../../../../i686-w64-mingw32/lib/../lib/libkernel32.a(libkernel32s00754.o)
 .idata$4       0x000000000040605c        0x4 /usr/lib/gcc/i686-w64-mingw32/9.3-win32/../../../../i686-w64-mingw32/lib/../lib/libkernel32.a(libkernel32s00785.o)
 .idata$4       0x0000000000406060        0x4 /usr/lib/gcc/i686-w64-mingw32/9.3-win32/../../../../i686-w64-mingw32/lib/../lib/libkernel32.a(libkernel32s00876.o)
 .idata$4       0x0000000000406064        0x4 /usr/lib/gcc/i686-w64-mingw32/9.3-win32/../../../../i686-w64-mingw32/lib/../lib/libkernel32.a(libkernel32s00972.o)
 .idata$4       0x0000000000406068        0x4 /usr/lib/gcc/i686-w64-mingw32/9.3-win32/../../../../i686-w64-mingw32/lib/../lib/libkernel32.a(libkernel32s01117.o)
 .idata$4       0x000000000040606c        0x4 /usr/lib/gcc/i686-w64-mingw32/9.3-win32/../../../../i686-w64-mingw32/lib/../lib/libkernel32.a(libkernel32s01369.o)
 .idata$4       0x0000000000406070        0x4 /usr/lib/gcc/i686-w64-mingw32/9.3-win32/../../../../i686-w64-mingw32/lib/../lib/libkernel32.a(libkernel32s01385.o)
 .idata$4       0x0000000000406074        0x4 /usr/lib/gcc/i686-w64-mingw32/9.3-win32/../../../../i686-w64-mingw32/lib/../lib/libkernel32.a(libkernel32s01400.o)
 .idata$4       0x0000000000406078        0x4 /usr/lib/gcc/i686-w64-mingw32/9.3-win32/../../../../i686-w64-mingw32/lib/../lib/libkernel32.a(libkernel32s01420.o)
 .idata$4       0x000000000040607c        0x4 /usr/lib/gcc/i686-w64-mingw32/9.3-win32/../../../../i686-w64-mingw32/lib/../lib/libkernel32.a(libkernel32s01434.o)
 .idata$4       0x0000000000406080        0x4 /usr/lib/gcc/i686-w64-mingw32/9.3-win32/../../../../i686-w64-mingw32/lib/../lib/libkernel32.a(libkernel32s01468.o)
 .idata$4       0x0000000000406084        0x4 /usr/lib/gcc/i686-w64-mingw32/9.3-win32/../../../../i686-w64-mingw32/lib/../lib/libkernel32.a(libkernel32s01471.o)
 .idata$4       0x0000000000406088        0x4 /usr/lib/gcc/i686-w64-mingw32/9.3-win32/../../../../i686-w64-mingw32/lib/../lib/libkernel32.a(libkernel32t.o)
 .idata$4       0x000000000040608c        0x0 /usr/lib/gcc/i686-w64-mingw32/9.3-win32/../../../../i686-w64-mingw32/lib/../lib/libmsvcrt.a(libmsvcrt-osh.o)
 .idata$4       0x000000000040608c        0x4 /usr/lib/gcc/i686-w64-mingw32/9.3-win32/../../../../i686-w64-mingw32/lib/../lib/libmsvcrt.a(libmsvcrt-oss00059.o)
 .idata$4       0x0000000000406090        0x4 /usr/lib/gcc/i686-w64-mingw32/9.3-win32/../../../../i686-w64-mingw32/lib/../lib/libmsvcrt.a(libmsvcrt-oss00060.o)
 .idata$4       0x0000000000406094        0x4 /usr/lib/gcc/i686-w64-mingw32/9.3-win32/../../../../i686-w64-mingw32/lib/../lib/libmsvcrt.a(libmsvcrt-oss00069.o)
 .idata$4       0x0000000000406098        0x4 /usr/lib/gcc/i686-w64-mingw32/9.3-win32/../../../../i686-w64-mingw32/lib/../lib/libmsvcrt.a(libmsvcrt-oss00077.o)
 .idata$4       0x000000000040609c        0x4 /usr/lib/gcc/i686-w64-mingw32/9.3-win32/../../../../i686-w64-mingw32/lib/../lib/libmsvcrt.a(libmsvcrt-oss00084.o)
 .idata$4       0x00000000004060a0        0x4 /usr/lib/gcc/i686-w64-mingw32/9.3-win32/../../../../i686-w64-mingw32/lib/../lib/libmsvcrt.a(libmsvcrt-oss00105.o)
 .idata$4       0x00000000004060a4        0x4 /usr/lib/gcc/i686-w64-mingw32/9.3-win32/../../../../i686-w64-mingw32/lib/../lib/libmsvcrt.a(libmsvcrt-oss00108.o)
 .idata$4       0x00000000004060a8        0x4 /usr/lib/gcc/i686-w64-mingw32/9.3-win32/../../../../i686-w64-mingw32/lib/../lib/libmsvcrt.a(libmsvcrt-oss00143.o)
 .idata$4       0x00000000004060ac        0x4 /usr/lib/gcc/i686-w64-mingw32/9.3-win32/../../../../i686-w64-mingw32/lib/../lib/libmsvcrt.a(libmsvcrt-oss00160.o)
 .idata$4       0x00000000004060b0        0x4 /usr/lib/gcc/i686-w64-mingw32/9.3-win32/../../../../i686-w64-mingw32/lib/../lib/libmsvcrt.a(libmsvcrt-oss00294.o)
 .idata$4       0x00000000004060b4        0x4 /usr/lib/gcc/i686-w64-mingw32/9.3-win32/../../../../i686-w64-mingw32/lib/../lib/libmsvcrt.a(libmsvcrt-oss00298.o)
 .idata$4       0x00000000004060b8        0x4 /usr/lib/gcc/i686-w64-mingw32/9.3-win32/../../../../i686-w64-mingw32/lib/../lib/libmsvcrt.a(libmsvcrt-oss00552.o)
 .idata$4       0x00000000004060bc        0x4 /usr/lib/gcc/i686-w64-mingw32/9.3-win32/../../../../i686-w64-mingw32/lib/../lib/libmsvcrt.a(libmsvcrt-oss00907.o)
 .idata$4       0x00000000004060c0        0x4 /usr/lib/gcc/i686-w64-mingw32/9.3-win32/../../../../i686-w64-mingw32/lib/../lib/libmsvcrt.a(libmsvcrt-oss00920.o)
 .idata$4       0x00000000004060c4        0x4 /usr/lib/gcc/i686-w64-mingw32/9.3-win32/../../../../i686-w64-mingw32/lib/../lib/libmsvcrt.a(libmsvcrt-oss00930.o)
 .idata$4       0x00000000004060c8        0x4 /usr/lib/gcc/i686-w64-mingw32/9.3-win32/../../../../i686-w64-mingw32/lib/../lib/libmsvcrt.a(libmsvcrt-oss00946.o)
 .idata$4       0x00000000004060cc        0x4 /usr/lib/gcc/i686-w64-mingw32/9.3-win32/../../../../i686-w64-mingw32/lib/../lib/libmsvcrt.a(libmsvcrt-oss00953.o)
 .idata$4       0x00000000004060d0        0x4 /usr/lib/gcc/i686-w64-mingw32/9.3-win32/../../../../i686-w64-mingw32/lib/../lib/libmsvcrt.a(libmsvcrt-oss00964.o)
 .idata$4       0x00000000004060d4        0x4 /usr/lib/gcc/i686-w64-mingw32/9.3-win32/../../../../i686-w64-mingw32/lib/../lib/libmsvcrt.a(libmsvcrt-oss01008.o)
 .idata$4       0x00000000004060d8        0x4 /usr/lib/gcc/i686-w64-mingw32/9.3-win32/../../../../i686-w64-mingw32/lib/../lib/libmsvcrt.a(libmsvcrt-oss01016.o)
 .idata$4       0x00000000004060dc        0x4 /usr/lib/gcc/i686-w64-mingw32/9.3-win32/../../../../i686-w64-mingw32/lib/../lib/libmsvcrt.a(libmsvcrt-oss01043.o)
 .idata$4       0x00000000004060e0        0x4 /usr/lib/gcc/i686-w64-mingw32/9.3-win32/../../../../i686-w64-mingw32/lib/../lib/libmsvcrt.a(libmsvcrt-oss01059.o)
 .idata$4       0x00000000004060e4        0x4 /usr/lib/gcc/i686-w64-mingw32/9.3-win32/../../../../i686-w64-mingw32/lib/../lib/libmsvcrt.a(libmsvcrt-oss01077.o)
 .idata$4       0x00000000004060e8        0x4 /usr/lib/gcc/i686-w64-mingw32/9.3-win32/../../../../i686-w64-mingw32/lib/../lib/libmsvcrt.a(libmsvcrt-oss01080.o)
 .idata$4       0x00000000004060ec        0x4 /usr/lib/gcc/i686-w64-mingw32/9.3-win32/../../../../i686-w64-mingw32/lib/../lib/libmsvcrt.a(libmsvcrt-oss01111.o)
 .idata$4       0x00000000004060f0        0x4 /usr/lib/gcc/i686-w64-mingw32/9.3-win32/../../../../i686-w64-mingw32/lib/../lib/libmsvcrt.a(libmsvcrt-ost.o)
                0x00000000004060f4                __IAT_start__ = .
 SORT_BY_NAME(*)(.idata$5)
 .idata$5       0x00000000004060f4        0x0 /usr/lib/gcc/i686-w64-mingw32/9.3-win32/../../../../i686-w64-mingw32/lib/../lib/libkernel32.a(libkernel32h.o)
 .idata$5       0x00000000004060f4        0x4 /usr/lib/gcc/i686-w64-mingw32/9.3-win32/../../../../i686-w64-mingw32/lib/../lib/libkernel32.a(libkernel32s00276.o)
                0x00000000004060f4                _imp__DeleteCriticalSection@4
 .idata$5       0x00000000004060f8        0x4 /usr/lib/gcc/i686-w64-mingw32/9.3-win32/../../../../i686-w64-mingw32/lib/../lib/libkernel32.a(libkernel32s00309.o)
                0x00000000004060f8                _imp__EnterCriticalSection@4
 .idata$5       0x00000000004060fc        0x4 /usr/lib/gcc/i686-w64-mingw32/9.3-win32/../../../../i686-w64-mingw32/lib/../lib/libkernel32.a(libkernel32s00542.o)
                0x00000000004060fc                _imp__GetCurrentProcess@0
 .idata$5       0x0000000000406100        0x4 /usr/lib/gcc/i686-w64-mingw32/9.3-win32/../../../../i686-w64-mingw32/lib/../lib/libkernel32.a(libkernel32s00543.o)
                0x0000000000406100                _imp__GetCurrentProcessId@0
 .idata$5       0x0000000000406104        0x4 /usr/lib/gcc/i686-w64-mingw32/9.3-win32/../../../../i686-w64-mingw32/lib/../lib/libkernel32.a(libkernel32s00547.o)
                0x0000000000406104                _imp__GetCurrentThreadId@0
 .idata$5       0x0000000000406108        0x4 /usr/lib/gcc/i686-w64-mingw32/9.3-win32/../../../../i686-w64-mingw32/lib/../lib/libkernel32.a(libkernel32s00616.o)
                0x0000000000406108                _imp__GetLastError@0
 .idata$5       0x000000000040610c        0x4 /usr/lib/gcc/i686-w64-mingw32/9.3-win32/../../../../i686-w64-mingw32/lib/../lib/libkernel32.a(libkernel32s00728.o)
                0x000000000040610c                _imp__GetStartupInfoA@4
 .idata$5       0x0000000000406110        0x4 /usr/lib/gcc/i686-w64-mingw32/9.3-win32/../../../../i686-w64-mingw32/lib/../lib/libkernel32.a(libkernel32s00754.o)
                0x0000000000406110                _imp__GetSystemTimeAsFileTime@4
 .idata$5       0x0000000000406114        0x4 /usr/lib/gcc/i686-w64-mingw32/9.3-win32/../../../../i686-w64-mingw32/lib/../lib/libkernel32.a(libkernel32s00785.o)
                0x0000000000406114                _imp__GetTickCount@0
 .idata$5       0x0000000000406118        0x4 /usr/lib/gcc/i686-w64-mingw32/9.3-win32/../../../../i686-w64-mingw32/lib/../lib/libkernel32.a(libkernel32s00876.o)
                0x0000000000406118                _imp__InitializeCriticalSection@4
 .idata$5       0x000000000040611c        0x4 /usr/lib/gcc/i686-w64-mingw32/9.3-win32/../../../../i686-w64-mingw32/lib/../lib/libkernel32.a(libkernel32s00972.o)
                0x000000000040611c                _imp__LeaveCriticalSection@4
 .idata$5       0x0000000000406120        0x4 /usr/lib/gcc/i686-w64-mingw32/9.3-win32/../../../../i686-w64-mingw32/lib/../lib/libkernel32.a(libkernel32s01117.o)
                0x0000000000406120                _imp__QueryPerformanceCounter@4
 .idata$5       0x0000000000406124        0x4 /usr/lib/gcc/i686-w64-mingw32/9.3-win32/../../../../i686-w64-mingw32/lib/../lib/libkernel32.a(libkernel32s01369.o)
                0x0000000000406124                _imp__SetUnhandledExceptionFilter@4
 .idata$5       0x0000000000406128        0x4 /usr/lib/gcc/i686-w64-mingw32/9.3-win32/../../../../i686-w64-mingw32/lib/../lib/libkernel32.a(libkernel32s01385.o)
                0x0000000000406128                _imp__Sleep@4
 .idata$5       0x000000000040612c        0x4 /usr/lib/gcc/i686-w64-mingw32/9.3-win32/../../../../i686-w64-mingw32/lib/../lib/libkernel32.a(libkernel32s01400.o)
                0x000000000040612c                _imp__TerminateProcess@8
 .idata$5       0x0000000000406130        0x4 /usr/lib/gcc/i686-w64-mingw32/9.3-win32/../../../../i686-w64-mingw32/lib/../lib/libkernel32.a(libkernel32s01420.o)
                0x0000000000406130                _imp__TlsGetValue@4
 .idata$5       0x0000000000406134        0x4 /usr/lib/gcc/i686-w64-mingw32/9.3-win32/../../../../i686-w64-mingw32/lib/../lib/libkernel32.a(libkernel32s01434.o)
                0x0000000000406134                _imp__UnhandledExceptionFilter@4
 .idata$5       0x0000000000406138        0x4 /usr/lib/gcc/i686-w64-mingw32/9.3-win32/../../../../i686-w64-mingw32/lib/../lib/libkernel32.a(libkernel32s01468.o)
                0x0000000000406138                _imp__VirtualProtect@16
 .idata$5       0x000000000040613c        0x4 /usr/lib/gcc/i686-w64-mingw32/9.3-win32/../../../../i686-w64-mingw32/lib/../lib/libkernel32.a(libkernel32s01471.o)
                0x000000000040613c                _imp__VirtualQuery@12
 .idata$5       0x0000000000406140        0x4 /usr/lib/gcc/i686-w64-mingw32/9.3-win32/../../../../i686-w64-mingw32/lib/../lib/libkernel32.a(libkernel32t.o)
 .idata$5       0x0000000000406144        0x0 /usr/lib/gcc/i686-w64-mingw32/9.3-win32/../../../../i686-w64-mingw32/lib/../lib/libmsvcrt.a(libmsvcrt-osh.o)
 .idata$5       0x0000000000406144        0x4 /usr/lib/gcc/i686-w64-mingw32/9.3-win32/../../../../i686-w64-mingw32/lib/../lib/libmsvcrt.a(libmsvcrt-oss00059.o)
                0x0000000000406144                _imp____getmainargs
 .idata$5       0x0000000000406148        0x4 /usr/lib/gcc/i686-w64-mingw32/9.3-win32/../../../../i686-w64-mingw32/lib/../lib/libmsvcrt.a(libmsvcrt-oss00060.o)
                0x0000000000406148                _imp____initenv
 .idata$5       0x000000000040614c        0x4 /usr/lib/gcc/i686-w64-mingw32/9.3-win32/../../../../i686-w64-mingw32/lib/../lib/libmsvcrt.a(libmsvcrt-oss00069.o)
                0x000000000040614c                _imp____lconv_init
 .idata$5       0x0000000000406150        0x4 /usr/lib/gcc/i686-w64-mingw32/9.3-win32/../../../../i686-w64-mingw32/lib/../lib/libmsvcrt.a(libmsvcrt-oss00077.o)
                0x0000000000406150                _imp____p__acmdln
 .idata$5       0x0000000000406154        0x4 /usr/lib/gcc/i686-w64-mingw32/9.3-win32/../../../../i686-w64-mingw32/lib/../lib/libmsvcrt.a(libmsvcrt-oss00084.o)
                0x0000000000406154                _imp____p__fmode
 .idata$5       0x0000000000406158        0x4 /usr/lib/gcc/i686-w64-mingw32/9.3-win32/../../../../i686-w64-mingw32/lib/../lib/libmsvcrt.a(libmsvcrt-oss00105.o)
                0x0000000000406158                _imp____set_app_type
 .idata$5       0x000000000040615c        0x4 /usr/lib/gcc/i686-w64-mingw32/9.3-win32/../../../../i686-w64-mingw32/lib/../lib/libmsvcrt.a(libmsvcrt-oss00108.o)
                0x000000000040615c                _imp____setusermatherr
 .idata$5       0x0000000000406160        0x4 /usr/lib/gcc/i686-w64-mingw32/9.3-win32/../../../../i686-w64-mingw32/lib/../lib/libmsvcrt.a(libmsvcrt-oss00143.o)
                0x0000000000406160                _imp___amsg_exit
 .idata$5       0x0000000000406164        0x4 /usr/lib/gcc/i686-w64-mingw32/9.3-win32/../../../../i686-w64-mingw32/lib/../lib/libmsvcrt.a(libmsvcrt-oss00160.o)
                0x0000000000406164                _imp___cexit
 .idata$5       0x0000000000406168        0x4 /usr/lib/gcc/i686-w64-mingw32/9.3-win32/../../../../i686-w64-mingw32/lib/../lib/libmsvcrt.a(libmsvcrt-oss00294.o)
                0x0000000000406168                _imp___initterm
 .idata$5       0x000000000040616c        0x4 /usr/lib/gcc/i686-w64-mingw32/9.3-win32/../../../../i686-w64-mingw32/lib/../lib/libmsvcrt.a(libmsvcrt-oss00298.o)
                0x000000000040616c                _imp___iob
 .idata$5       0x0000000000406170        0x4 /usr/lib/gcc/i686-w64-mingw32/9.3-win32/../../../../i686-w64-mingw32/lib/../lib/libmsvcrt.a(libmsvcrt-oss00552.o)
                0x0000000000406170                _imp___onexit
 .idata$5       0x0000000000406174        0x4 /usr/lib/gcc/i686-w64-mingw32/9.3-win32/../../../../i686-w64-mingw32/lib/../lib/libmsvcrt.a(libmsvcrt-oss00907.o)
                0x0000000000406174                _imp__abort
 .idata$5       0x0000000000406178        0x4 /usr/lib/gcc/i686-w64-mingw32/9.3-win32/../../../../i686-w64-mingw32/lib/../lib/libmsvcrt.a(libmsvcrt-oss00920.o)
                0x0000000000406178                _imp__calloc
 .idata$5       0x000000000040617c        0x4 /usr/lib/gcc/i686-w64-mingw32/9.3-win32/../../../../i686-w64-mingw32/lib/../lib/libmsvcrt.a(libmsvcrt-oss00930.o)
                0x000000000040617c                _imp__exit
 .idata$5       0x0000000000406180        0x4 /usr/lib/gcc/i686-w64-mingw32/9.3-win32/../../../../i686-w64-mingw32/lib/../lib/libmsvcrt.a(libmsvcrt-oss00946.o)
                0x0000000000406180                _imp__fprintf
 .idata$5       0x0000000000406184        0x4 /usr/lib/gcc/i686-w64-mingw32/9.3-win32/../../../../i686-w64-mingw32/lib/../lib/libmsvcrt.a(libmsvcrt-oss00953.o)
                0x0000000000406184                _imp__free
 .idata$5       0x0000000000406188        0x4 /usr/lib/gcc/i686-w64-mingw32/9.3-win32/../../../../i686-w64-mingw32/lib/../lib/libmsvcrt.a(libmsvcrt-oss00964.o)
                0x0000000000406188                _imp__fwrite
 .idata$5       0x000000000040618c        0x4 /usr/lib/gcc/i686-w64-mingw32/9.3-win32/../../../../i686-w64-mingw32/lib/../lib/libmsvcrt.a(libmsvcrt-oss01008.o)
                0x000000000040618c                _imp__malloc
 .idata$5       0x0000000000406190        0x4 /usr/lib/gcc/i686-w64-mingw32/9.3-win32/../../../../i686-w64-mingw32/lib/../lib/libmsvcrt.a(libmsvcrt-oss01016.o)
                0x0000000000406190                _imp__memcpy
 .idata$5       0x0000000000406194        0x4 /usr/lib/gcc/i686-w64-mingw32/9.3-win32/../../../../i686-w64-mingw32/lib/../lib/libmsvcrt.a(libmsvcrt-oss01043.o)
                0x0000000000406194                _imp__puts
 .idata$5       0x0000000000406198        0x4 /usr/lib/gcc/i686-w64-mingw32/9.3-win32/../../../../i686-w64-mingw32/lib/../lib/libmsvcrt.a(libmsvcrt-oss01059.o)
                0x0000000000406198                _imp__signal
 .idata$5       0x000000000040619c        0x4 /usr/lib/gcc/i686-w64-mingw32/9.3-win32/../../../../i686-w64-mingw32/lib/../lib/libmsvcrt.a(libmsvcrt-oss01077.o)
                0x000000000040619c                _imp__strlen
 .idata$5       0x00000000004061a0        0x4 /usr/lib/gcc/i686-w64-mingw32/9.3-win32/../../../../i686-w64-mingw32/lib/../lib/libmsvcrt.a(libmsvcrt-oss01080.o)
                0x00000000004061a0                _imp__strncmp
 .idata$5       0x00000000004061a4        0x4 /usr/lib/gcc/i686-w64-mingw32/9.3-win32/../../../../i686-w64-mingw32/lib/../lib/libmsvcrt.a(libmsvcrt-oss01111.o)
                0x00000000004061a4                _imp__vfprintf
 .idata$5       0x00000000004061a8        0x4 /usr/lib/gcc/i686-w64-mingw32/9.3-win32/../../../../i686-w64-mingw32/lib/../lib/libmsvcrt.a(libmsvcrt-ost.o)
                0x00000000004061ac                __IAT_end__ = .
 SORT_BY_NAME(*)(.idata$6)
 .idata$6       0x00000000004061ac       0x18 /usr/lib/gcc/i686-w64-mingw32/9.3-win32/../../../../i686-w64-mingw32/lib/../lib/libkernel32.a(libkernel32s00276.o)
 .idata$6       0x00000000004061c4       0x18 /usr/lib/gcc/i686-w64-mingw32/9.3-win32/../../../../i686-w64-mingw32/lib/../lib/libkernel32.a(libkernel32s00309.o)
 .idata$6       0x00000000004061dc       0x14 /usr/lib/gcc/i686-w64-mingw32/9.3-win32/../../../../i686-w64-mingw32/lib/../lib/libkernel32.a(libkernel32s00542.o)
 .idata$6       0x00000000004061f0       0x16 /usr/lib/gcc/i686-w64-mingw32/9.3-win32/../../../../i686-w64-mingw32/lib/../lib/libkernel32.a(libkernel32s00543.o)
 .idata$6       0x0000000000406206       0x16 /usr/lib/gcc/i686-w64-mingw32/9.3-win32/../../../../i686-w64-mingw32/lib/../lib/libkernel32.a(libkernel32s00547.o)
 .idata$6       0x000000000040621c       0x10 /usr/lib/gcc/i686-w64-mingw32/9.3-win32/../../../../i686-w64-mingw32/lib/../lib/libkernel32.a(libkernel32s00616.o)
 .idata$6       0x000000000040622c       0x12 /usr/lib/gcc/i686-w64-mingw32/9.3-win32/../../../../i686-w64-mingw32/lib/../lib/libkernel32.a(libkernel32s00728.o)
 .idata$6       0x000000000040623e       0x1a /usr/lib/gcc/i686-w64-mingw32/9.3-win32/../../../../i686-w64-mingw32/lib/../lib/libkernel32.a(libkernel32s00754.o)
 .idata$6       0x0000000000406258       0x10 /usr/lib/gcc/i686-w64-mingw32/9.3-win32/../../../../i686-w64-mingw32/lib/../lib/libkernel32.a(libkernel32s00785.o)
 .idata$6       0x0000000000406268       0x1c /usr/lib/gcc/i686-w64-mingw32/9.3-win32/../../../../i686-w64-mingw32/lib/../lib/libkernel32.a(libkernel32s00876.o)
 .idata$6       0x0000000000406284       0x18 /usr/lib/gcc/i686-w64-mingw32/9.3-win32/../../../../i686-w64-mingw32/lib/../lib/libkernel32.a(libkernel32s00972.o)
 .idata$6       0x000000000040629c       0x1a /usr/lib/gcc/i686-w64-mingw32/9.3-win32/../../../../i686-w64-mingw32/lib/../lib/libkernel32.a(libkernel32s01117.o)
 .idata$6       0x00000000004062b6       0x1e /usr/lib/gcc/i686-w64-mingw32/9.3-win32/../../../../i686-w64-mingw32/lib/../lib/libkernel32.a(libkernel32s01369.o)
 .idata$6       0x00000000004062d4        0x8 /usr/lib/gcc/i686-w64-mingw32/9.3-win32/../../../../i686-w64-mingw32/lib/../lib/libkernel32.a(libkernel32s01385.o)
 .idata$6       0x00000000004062dc       0x14 /usr/lib/gcc/i686-w64-mingw32/9.3-win32/../../../../i686-w64-mingw32/lib/../lib/libkernel32.a(libkernel32s01400.o)
 .idata$6       0x00000000004062f0        0xe /usr/lib/gcc/i686-w64-mingw32/9.3-win32/../../../../i686-w64-mingw32/lib/../lib/libkernel32.a(libkernel32s01420.o)
 .idata$6       0x00000000004062fe       0x1c /usr/lib/gcc/i686-w64-mingw32/9.3-win32/../../../../i686-w64-mingw32/lib/../lib/libkernel32.a(libkernel32s01434.o)
 .idata$6       0x000000000040631a       0x12 /usr/lib/gcc/i686-w64-mingw32/9.3-win32/../../../../i686-w64-mingw32/lib/../lib/libkernel32.a(libkernel32s01468.o)
 .idata$6       0x000000000040632c       0x10 /usr/lib/gcc/i686-w64-mingw32/9.3-win32/../../../../i686-w64-mingw32/lib/../lib/libkernel32.a(libkernel32s01471.o)
 .idata$6       0x000000000040633c       0x10 /usr/lib/gcc/i686-w64-mingw32/9.3-win32/../../../../i686-w64-mingw32/lib/../lib/libmsvcrt.a(libmsvcrt-oss00059.o)
 .idata$6       0x000000000040634c        0xc /usr/lib/gcc/i686-w64-mingw32/9.3-win32/../../../../i686-w64-mingw32/lib/../lib/libmsvcrt.a(libmsvcrt-oss00060.o)
 .idata$6       0x0000000000406358       0x10 /usr/lib/gcc/i686-w64-mingw32/9.3-win32/../../../../i686-w64-mingw32/lib/../lib/libmsvcrt.a(libmsvcrt-oss00069.o)
 .idata$6       0x0000000000406368        0xe /usr/lib/gcc/i686-w64-mingw32/9.3-win32/../../../../i686-w64-mingw32/lib/../lib/libmsvcrt.a(libmsvcrt-oss00077.o)
 .idata$6       0x0000000000406376        0xe /usr/lib/gcc/i686-w64-mingw32/9.3-win32/../../../../i686-w64-mingw32/lib/../lib/libmsvcrt.a(libmsvcrt-oss00084.o)
 .idata$6       0x0000000000406384       0x12 /usr/lib/gcc/i686-w64-mingw32/9.3-win32/../../../../i686-w64-mingw32/lib/../lib/libmsvcrt.a(libmsvcrt-oss00105.o)
 .idata$6       0x0000000000406396       0x14 /usr/lib/gcc/i686-w64-mingw32/9.3-win32/../../../../i686-w64-mingw32/lib/../lib/libmsvcrt.a(libmsvcrt-oss00108.o)
 .idata$6       0x00000000004063aa        0xe /usr/lib/gcc/i686-w64-mingw32/9.3-win32/../../../../i686-w64-mingw32/lib/../lib/libmsvcrt.a(libmsvcrt-oss00143.o)
 .idata$6       0x00000000004063b8        0xa /usr/lib/gcc/i686-w64-mingw32/9.3-win32/../../../../i686-w64-mingw32/lib/../lib/libmsvcrt.a(libmsvcrt-oss00160.o)
 .idata$6       0x00000000004063c2        0xc /usr/lib/gcc/i686-w64-mingw32/9.3-win32/../../../../i686-w64-mingw32/lib/../lib/libmsvcrt.a(libmsvcrt-oss00294.o)
 .idata$6       0x00000000004063ce        0x8 /usr/lib/gcc/i686-w64-mingw32/9.3-win32/../../../../i686-w64-mingw32/lib/../lib/libmsvcrt.a(libmsvcrt-oss00298.o)
 .idata$6       0x00000000004063d6        0xa /usr/lib/gcc/i686-w64-mingw32/9.3-win32/../../../../i686-w64-mingw32/lib/../lib/libmsvcrt.a(libmsvcrt-oss00552.o)
 .idata$6       0x00000000004063e0        0x8 /usr/lib/gcc/i686-w64-mingw32/9.3-win32/../../../../i686-w64-mingw32/lib/../lib/libmsvcrt.a(libmsvcrt-oss00907.o)
 .idata$6       0x00000000004063e8        0xa /usr/lib/gcc/i686-w64-mingw32/9.3-win32/../../../../i686-w64-mingw32/lib/../lib/libmsvcrt.a(libmsvcrt-oss00920.o)
 .idata$6       0x00000000004063f2        0x8 /usr/lib/gcc/i686-w64-mingw32/9.3-win32/../../../../i686-w64-mingw32/lib/../lib/libmsvcrt.a(libmsvcrt-oss00930.o)
 .idata$6       0x00000000004063fa        0xa /usr/lib/gcc/i686-w64-mingw32/9.3-win32/../../../../i686-w64-mingw32/lib/../lib/libmsvcrt.a(libmsvcrt-oss00946.o)
 .idata$6       0x0000000000406404        0x8 /usr/lib/gcc/i686-w64-mingw32/9.3-win32/../../../../i686-w64-mingw32/lib/../lib/libmsvcrt.a(libmsvcrt-oss00953.o)
 .idata$6       0x000000000040640c        0xa /usr/lib/gcc/i686-w64-mingw32/9.3-win32/../../../../i686-w64-mingw32/lib/../lib/libmsvcrt.a(libmsvcrt-oss00964.o)
 .idata$6       0x0000000000406416        0xa /usr/lib/gcc/i686-w64-mingw32/9.3-win32/../../../../i686-w64-mingw32/lib/../lib/libmsvcrt.a(libmsvcrt-oss01008.o)
 .idata$6       0x0000000000406420        0xa /usr/lib/gcc/i686-w64-mingw32/9.3-win32/../../../../i686-w64-mingw32/lib/../lib/libmsvcrt.a(libmsvcrt-oss01016.o)
 .idata$6       0x000000000040642a        0x8 /usr/lib/gcc/i686-w64-mingw32/9.3-win32/../../../../i686-w64-mingw32/lib/../lib/libmsvcrt.a(libmsvcrt-oss01043.o)
 .idata$6       0x0000000000406432        0xa /usr/lib/gcc/i686-w64-mingw32/9.3-win32/../../../../i686-w64-mingw32/lib/../lib/libmsvcrt.a(libmsvcrt-oss01059.o)
 .idata$6       0x000000000040643c        0xa /usr/lib/gcc/i686-w64-mingw32/9.3-win32/../../../../i686-w64-mingw32/lib/../lib/libmsvcrt.a(libmsvcrt-oss01077.o)
 .idata$6       0x0000000000406446        0xa /usr/lib/gcc/i686-w64-mingw32/9.3-win32/../../../../i686-w64-mingw32/lib/../lib/libmsvcrt.a(libmsvcrt-oss01080.o)
 .idata$6       0x0000000000406450        0xc /usr/lib/gcc/i686-w64-mingw32/9.3-win32/../../../../i686-w64-mingw32/lib/../lib/libmsvcrt.a(libmsvcrt-oss01111.o)
 SORT_BY_NAME(*)(.idata$7)
 .idata$7       0x000000000040645c        0x4 /usr/lib/gcc/i686-w64-mingw32/9.3-win32/../../../../i686-w64-mingw32/lib/../lib/libkernel32.a(libkernel32s00276.o)
 .idata$7       0x0000000000406460        0x4 /usr/lib/gcc/i686-w64-mingw32/9.3-win32/../../../../i686-w64-mingw32/lib/../lib/libkernel32.a(libkernel32s00309.o)
 .idata$7       0x0000000000406464        0x4 /usr/lib/gcc/i686-w64-mingw32/9.3-win32/../../../../i686-w64-mingw32/lib/../lib/libkernel32.a(libkernel32s00542.o)
 .idata$7       0x0000000000406468        0x4 /usr/lib/gcc/i686-w64-mingw32/9.3-win32/../../../../i686-w64-mingw32/lib/../lib/libkernel32.a(libkernel32s00543.o)
 .idata$7       0x000000000040646c        0x4 /usr/lib/gcc/i686-w64-mingw32/9.3-win32/../../../../i686-w64-mingw32/lib/../lib/libkernel32.a(libkernel32s00547.o)
 .idata$7       0x0000000000406470        0x4 /usr/lib/gcc/i686-w64-mingw32/9.3-win32/../../../../i686-w64-mingw32/lib/../lib/libkernel32.a(libkernel32s00616.o)
 .idata$7       0x0000000000406474        0x4 /usr/lib/gcc/i686-w64-mingw32/9.3-win32/../../../../i686-w64-mingw32/lib/../lib/libkernel32.a(libkernel32s00728.o)
 .idata$7       0x0000000000406478        0x4 /usr/lib/gcc/i686-w64-mingw32/9.3-win32/../../../../i686-w64-mingw32/lib/../lib/libkernel32.a(libkernel32s00754.o)
 .idata$7       0x000000000040647c        0x4 /usr/lib/gcc/i686-w64-mingw32/9.3-win32/../../../../i686-w64-mingw32/lib/../lib/libkernel32.a(libkernel32s00785.o)
 .idata$7       0x0000000000406480        0x4 /usr/lib/gcc/i686-w64-mingw32/9.3-win32/../../../../i686-w64-mingw32/lib/../lib/libkernel32.a(libkernel32s00876.o)
 .idata$7       0x0000000000406484        0x4 /usr/lib/gcc/i686-w64-mingw32/9.3-win32/../../../../i686-w64-mingw32/lib/../lib/libkernel32.a(libkernel32s00972.o)
 .idata$7       0x0000000000406488        0x4 /usr/lib/gcc/i686-w64-mingw32/9.3-win32/../../../../i686-w64-mingw32/lib/../lib/libkernel32.a(libkernel32s01117.o)
 .idata$7       0x000000000040648c        0x4 /usr/lib/gcc/i686-w64-mingw32/9.3-win32/../../../../i686-w64-mingw32/lib/../lib/libkernel32.a(libkernel32s01369.o)
 .idata$7       0x0000000000406490        0x4 /usr/lib/gcc/i686-w64-mingw32/9.3-win32/../../../../i686-w64-mingw32/lib/../lib/libkernel32.a(libkernel32s01385.o)
 .idata$7       0x0000000000406494        0x4 /usr/lib/gcc/i686-w64-mingw32/9.3-win32/../../../../i686-w64-mingw32/lib/../lib/libkernel32.a(libkernel32s01400.o)
 .idata$7       0x0000000000406498        0x4 /usr/lib/gcc/i686-w64-mingw32/9.3-win32/../../../../i686-w64-mingw32/lib/../lib/libkernel32.a(libkernel32s01420.o)
 .idata$7       0x000000000040649c        0x4 /usr/lib/gcc/i686-w64-mingw32/9.3-win32/../../../../i686-w64-mingw32/lib/../lib/libkernel32.a(libkernel32s01434.o)
 .idata$7       0x00000000004064a0        0x4 /usr/lib/gcc/i686-w64-mingw32/9.3-win32/../../../../i686-w64-mingw32/lib/../lib/libkernel32.a(libkernel32s01468.o)
 .idata$7       0x00000000004064a4        0x4 /usr/lib/gcc/i686-w64-mingw32/9.3-win32/../../../../i686-w64-mingw32/lib/../lib/libkernel32.a(libkernel32s01471.o)
 .idata$7       0x00000000004064a8       0x10 /usr/lib/gcc/i686-w64-mingw32/9.3-win32/../../../../i686-w64-mingw32/lib/../lib/libkernel32.a(libkernel32t.o)
                0x00000000004064a8                _lib32_libkernel32_a_iname
 .idata$7       0x00000000004064b8        0x4 /usr/lib/gcc/i686-w64-mingw32/9.3-win32/../../../../i686-w64-mingw32/lib/../lib/libmsvcrt.a(libmsvcrt-oss00059.o)
 .idata$7       0x00000000004064bc        0x4 /usr/lib/gcc/i686-w64-mingw32/9.3-win32/../../../../i686-w64-mingw32/lib/../lib/libmsvcrt.a(libmsvcrt-oss00060.o)
 .idata$7       0x00000000004064c0        0x4 /usr/lib/gcc/i686-w64-mingw32/9.3-win32/../../../../i686-w64-mingw32/lib/../lib/libmsvcrt.a(libmsvcrt-oss00069.o)
 .idata$7       0x00000000004064c4        0x4 /usr/lib/gcc/i686-w64-mingw32/9.3-win32/../../../../i686-w64-mingw32/lib/../lib/libmsvcrt.a(libmsvcrt-oss00077.o)
 .idata$7       0x00000000004064c8        0x4 /usr/lib/gcc/i686-w64-mingw32/9.3-win32/../../../../i686-w64-mingw32/lib/../lib/libmsvcrt.a(libmsvcrt-oss00084.o)
 .idata$7       0x00000000004064cc        0x4 /usr/lib/gcc/i686-w64-mingw32/9.3-win32/../../../../i686-w64-mingw32/lib/../lib/libmsvcrt.a(libmsvcrt-oss00105.o)
 .idata$7       0x00000000004064d0        0x4 /usr/lib/gcc/i686-w64-mingw32/9.3-win32/../../../../i686-w64-mingw32/lib/../lib/libmsvcrt.a(libmsvcrt-oss00108.o)
 .idata$7       0x00000000004064d4        0x4 /usr/lib/gcc/i686-w64-mingw32/9.3-win32/../../../../i686-w64-mingw32/lib/../lib/libmsvcrt.a(libmsvcrt-oss00143.o)
 .idata$7       0x00000000004064d8        0x4 /usr/lib/gcc/i686-w64-mingw32/9.3-win32/../../../../i686-w64-mingw32/lib/../lib/libmsvcrt.a(libmsvcrt-oss00160.o)
 .idata$7       0x00000000004064dc        0x4 /usr/lib/gcc/i686-w64-mingw32/9.3-win32/../../../../i686-w64-mingw32/lib/../lib/libmsvcrt.a(libmsvcrt-oss00294.o)
 .idata$7       0x00000000004064e0        0x4 /usr/lib/gcc/i686-w64-mingw32/9.3-win32/../../../../i686-w64-mingw32/lib/../lib/libmsvcrt.a(libmsvcrt-oss00298.o)
 .idata$7       0x00000000004064e4        0x4 /usr/lib/gcc/i686-w64-mingw32/9.3-win32/../../../../i686-w64-mingw32/lib/../lib/libmsvcrt.a(libmsvcrt-oss00552.o)
 .idata$7       0x00000000004064e8        0x4 /usr/lib/gcc/i686-w64-mingw32/9.3-win32/../../../../i686-w64-mingw32/lib/../lib/libmsvcrt.a(libmsvcrt-oss00907.o)
 .idata$7       0x00000000004064ec        0x4 /usr/lib/gcc/i686-w64-mingw32/9.3-win32/../../../../i686-w64-mingw32/lib/../lib/libmsvcrt.a(libmsvcrt-oss00920.o)
 .idata$7       0x00000000004064f0        0x4 /usr/lib/gcc/i686-w64-mingw32/9.3-win32/../../../../i686-w64-mingw32/lib/../lib/libmsvcrt.a(libmsvcrt-oss00930.o)
 .idata$7       0x00000000004064f4        0x4 /usr/lib/gcc/i686-w64-mingw32/9.3-win32/../../../../i686-w64-mingw32/lib/../lib/libmsvcrt.a(libmsvcrt-oss00946.o)
 .idata$7       0x00000000004064f8        0x4 /usr/lib/gcc/i686-w64-mingw32/9.3-win32/../../../../i686-w64-mingw32/lib/../lib/libmsvcrt.a(libmsvcrt-oss00953.o)
 .idata$7       0x00000000004064fc        0x4 /usr/lib/gcc/i686-w64-mingw32/9.3-win32/../../../../i686-w64-mingw32/lib/../lib/libmsvcrt.a(libmsvcrt-oss00964.o)
 .idata$7       0x0000000000406500        0x4 /usr/lib/gcc/i686-w64-mingw32/9.3-win32/../../../../i686-w64-mingw32/lib/../lib/libmsvcrt.a(libmsvcrt-oss01008.o)
 .idata$7       0x0000000000406504        0x4 /usr/lib/gcc/i686-w64-mingw32/9.3-win32/../../../../i686-w64-mingw32/lib/../lib/libmsvcrt.a(libmsvcrt-oss01016.o)
 .idata$7       0x0000000000406508        0x4 /usr/lib/gcc/i686-w64-mingw32/9.3-win32/../../../../i686-w64-mingw32/lib/../lib/libmsvcrt.a(libmsvcrt-oss01043.o)
 .idata$7       0x000000000040650c        0x4 /usr/lib/gcc/i686-w64-mingw32/9.3-win32/../../../../i686-w64-mingw32/lib/../lib/libmsvcrt.a(libmsvcrt-oss01059.o)
 .idata$7       0x0000000000406510        0x4 /usr/lib/gcc/i686-w64-mingw32/9.3-win32/../../../../i686-w64-mingw32/lib/../lib/libmsvcrt.a(libmsvcrt-oss01077.o)
 .idata$7       0x0000000000406514        0x4 /usr/lib/gcc/i686-w64-mingw32/9.3-win32/../../../../i686-w64-mingw32/lib/../lib/libmsvcrt.a(libmsvcrt-oss01080.o)
 .idata$7       0x0000000000406518        0x4 /usr/lib/gcc/i686-w64-mingw32/9.3-win32/../../../../i686-w64-mingw32/lib/../lib/libmsvcrt.a(libmsvcrt-oss01111.o)
 .idata$7       0x000000000040651c        0xc /usr/lib/gcc/i686-w64-mingw32/9.3-win32/../../../../i686-w64-mingw32/lib/../lib/libmsvcrt.a(libmsvcrt-ost.o)
                0x000000000040651c                _lib32_libmsvcrt_os_a_iname

.CRT            0x0000000000407000      0x200
                0x0000000000407000                ___crt_xc_start__ = .
 *(SORT_BY_NAME(.CRT$XC*))
 .CRT$XCA       0x0000000000407000        0x4 /usr/lib/gcc/i686-w64-mingw32/9.3-win32/../../../../i686-w64-mingw32/lib/../lib/libmingw32.a(lib32_libmingw32_a-cinitexe.o)
                0x0000000000407000                __xc_a
 .CRT$XCAA      0x0000000000407004        0x4 /usr/lib/gcc/i686-w64-mingw32/9.3-win32/../../../../i686-w64-mingw32/lib/../lib/crt2.o
                0x0000000000407004                mingw_pcppinit
 .CRT$XCZ       0x0000000000407008        0x4 /usr/lib/gcc/i686-w64-mingw32/9.3-win32/../../../../i686-w64-mingw32/lib/../lib/libmingw32.a(lib32_libmingw32_a-cinitexe.o)
                0x0000000000407008                __xc_z
                0x000000000040700c                ___crt_xc_end__ = .
                0x000000000040700c                ___crt_xi_start__ = .
 *(SORT_BY_NAME(.CRT$XI*))
 .CRT$XIA       0x000000000040700c        0x4 /usr/lib/gcc/i686-w64-mingw32/9.3-win32/../../../../i686-w64-mingw32/lib/../lib/libmingw32.a(lib32_libmingw32_a-cinitexe.o)
                0x000000000040700c                __xi_a
 .CRT$XIAA      0x0000000000407010        0x4 /usr/lib/gcc/i686-w64-mingw32/9.3-win32/../../../../i686-w64-mingw32/lib/../lib/crt2.o
                0x0000000000407010                mingw_pcinit
 .CRT$XIC       0x0000000000407014        0x4 /usr/lib/gcc/i686-w64-mingw32/9.3-win32/../../../../i686-w64-mingw32/lib/../lib/libmingw32.a(lib32_libmingw32_a-charmax.o)
                0x0000000000407014                __mingw_pinit
 .CRT$XIZ       0x0000000000407018        0x4 /usr/lib/gcc/i686-w64-mingw32/9.3-win32/../../../../i686-w64-mingw32/lib/../lib/libmingw32.a(lib32_libmingw32_a-cinitexe.o)
                0x0000000000407018                __xi_z
                0x000000000040701c                ___crt_xi_end__ = .
                0x000000000040701c                ___crt_xl_start__ = .
 *(SORT_BY_NAME(.CRT$XL*))
 .CRT$XLA       0x000000000040701c        0x4 /usr/lib/gcc/i686-w64-mingw32/9.3-win32/../../../../i686-w64-mingw32/lib/../lib/libmingw32.a(lib32_libmingw32_a-tlssup.o)
                0x000000000040701c                __xl_a
 .CRT$XLC       0x0000000000407020        0x4 /usr/lib/gcc/i686-w64-mingw32/9.3-win32/../../../../i686-w64-mingw32/lib/../lib/libmingw32.a(lib32_libmingw32_a-tlssup.o)
                0x0000000000407020                __xl_c
 .CRT$XLD       0x0000000000407024        0x4 /usr/lib/gcc/i686-w64-mingw32/9.3-win32/../../../../i686-w64-mingw32/lib/../lib/libmingw32.a(lib32_libmingw32_a-tlssup.o)
                0x0000000000407024                __xl_d
 .CRT$XLZ       0x0000000000407028        0x4 /usr/lib/gcc/i686-w64-mingw32/9.3-win32/../../../../i686-w64-mingw32/lib/../lib/libmingw32.a(lib32_libmingw32_a-tlssup.o)
                0x0000000000407028                __xl_z
                0x000000000040702c                ___crt_xp_start__ = .
 *(SORT_BY_NAME(.CRT$XP*))
                0x000000000040702c                ___crt_xp_end__ = .
                0x000000000040702c                ___crt_xt_start__ = .
 *(SORT_BY_NAME(.CRT$XT*))
                0x000000000040702c                ___crt_xt_end__ = .
 .CRT$XDA       0x000000000040702c        0x4 /usr/lib/gcc/i686-w64-mingw32/9.3-win32/../../../../i686-w64-mingw32/lib/../lib/libmingw32.a(lib32_libmingw32_a-tlssup.o)
 .CRT$XDZ       0x0000000000407030        0x4 /usr/lib/gcc/i686-w64-mingw32/9.3-win32/../../../../i686-w64-mingw32/lib/../lib/libmingw32.a(lib32_libmingw32_a-tlssup.o)

.tls            0x0000000000408000      0x200
                0x0000000000408000                ___tls_start__ = .
 *(.tls$AAA)
 *(.tls)
 .tls           0x0000000000408000        0x4 /usr/lib/gcc/i686-w64-mingw32/9.3-win32/../../../../i686-w64-mingw32/lib/../lib/libmingw32.a(lib32_libmingw32_a-tlssup.o)
                0x0000000000408000                _tls_start
 *(.tls$)
 *(SORT_BY_NAME(.tls$*))
 .tls$ZZZ       0x0000000000408004        0x4 /usr/lib/gcc/i686-w64-mingw32/9.3-win32/../../../../i686-w64-mingw32/lib/../lib/libmingw32.a(lib32_libmingw32_a-tlssup.o)
                0x0000000000408004                _tls_end
 *(.tls$ZZZ)
                0x0000000000408008                ___tls_end__ = .

.endjunk        0x0000000000409000        0x0
                [!provide]                        PROVIDE (end = .)
                [!provide]                        PROVIDE (_end = .)
                0x0000000000409000                __end__ = .

.rsrc
 *(.rsrc)
 *(.rsrc$*)

.reloc
 *(.reloc)

.stab
 *(.stab)

.stabstr
 *(.stabstr)

.debug_aranges
 *(.debug_aranges)

.zdebug_aranges
 *(.zdebug_aranges)

.debug_pubnames
 *(.debug_pubnames)

.zdebug_pubnames
 *(.zdebug_pubnames)

.debug_pubtypes
 *(.debug_pubtypes)

.zdebug_pubtypes
 *(.zdebug_pubtypes)

.debug_info
 *(.debug_info .gnu.linkonce.wi.*)

.zdebug_info
 *(.zdebug_info .zdebug.gnu.linkonce.wi.*)

.debug_abbrev
 *(.debug_abbrev)

.zdebug_abbrev
 *(.zdebug_abbrev)

.debug_line
 *(.debug_line)

.zdebug_line
 *(.zdebug_line)

.debug_frame
 *(.debug_frame*)

.zdebug_frame
 *(.zdebug_frame*)

.debug_str
 *(.debug_str)

.zdebug_str
 *(.zdebug_str)

.debug_loc
 *(.debug_loc)

.zdebug_loc
 *(.zdebug_loc)

.debug_macinfo
 *(.debug_macinfo)

.zdebug_macinfo
 *(.zdebug_macinfo)

.debug_weaknames
 *(.debug_weaknames)

.zdebug_weaknames
 *(.zdebug_weaknames)

.debug_funcnames
 *(.debug_funcnames)

.zdebug_funcnames
 *(.zdebug_funcnames)

.debug_typenames
 *(.debug_typenames)

.zdebug_typenames
 *(.zdebug_typenames)

.debug_varnames
 *(.debug_varnames)

.zdebug_varnames
 *(.zdebug_varnames)

.debug_macro
 *(.debug_macro)

.zdebug_macro
 *(.zdebug_macro)

.debug_ranges
 *(.debug_ranges)

.zdebug_ranges
 *(.zdebug_ranges)

.debug_types
 *(.debug_types .gnu.linkonce.wt.*)

.zdebug_types
 *(.zdebug_types .gnu.linkonce.wt.*)

.debug_gdb_scripts
 *(.debug_gdb_scripts)

.zdebug_gdb_scripts
 *(.zdebug_gdb_scripts)
OUTPUT(hello32.exe pei-i386)
